Archive member included to satisfy reference by file (symbol)

C:/ST/STM32CubeCLT_1.16.0/GNU-tools-for-STM32/bin/../lib/gcc/arm-none-eabi/12.3.1/../../../../arm-none-eabi/lib/thumb/v7-m/nofp\libc_nano.a(libc_a-exit.o)
                              C:/ST/STM32CubeCLT_1.16.0/GNU-tools-for-STM32/bin/../lib/gcc/arm-none-eabi/12.3.1/../../../../arm-none-eabi/lib/thumb/v7-m/nofp/crt0.o (exit)
C:/ST/STM32CubeCLT_1.16.0/GNU-tools-for-STM32/bin/../lib/gcc/arm-none-eabi/12.3.1/../../../../arm-none-eabi/lib/thumb/v7-m/nofp\libc_nano.a(libc_a-findfp.o)
                              C:/ST/STM32CubeCLT_1.16.0/GNU-tools-for-STM32/bin/../lib/gcc/arm-none-eabi/12.3.1/../../../../arm-none-eabi/lib/thumb/v7-m/nofp\libc_nano.a(libc_a-exit.o) (__stdio_exit_handler)
C:/ST/STM32CubeCLT_1.16.0/GNU-tools-for-STM32/bin/../lib/gcc/arm-none-eabi/12.3.1/../../../../arm-none-eabi/lib/thumb/v7-m/nofp\libc_nano.a(libc_a-fwalk.o)
                              C:/ST/STM32CubeCLT_1.16.0/GNU-tools-for-STM32/bin/../lib/gcc/arm-none-eabi/12.3.1/../../../../arm-none-eabi/lib/thumb/v7-m/nofp\libc_nano.a(libc_a-findfp.o) (_fwalk_sglue)
C:/ST/STM32CubeCLT_1.16.0/GNU-tools-for-STM32/bin/../lib/gcc/arm-none-eabi/12.3.1/../../../../arm-none-eabi/lib/thumb/v7-m/nofp\libc_nano.a(libc_a-stdio.o)
                              C:/ST/STM32CubeCLT_1.16.0/GNU-tools-for-STM32/bin/../lib/gcc/arm-none-eabi/12.3.1/../../../../arm-none-eabi/lib/thumb/v7-m/nofp\libc_nano.a(libc_a-findfp.o) (__sread)
C:/ST/STM32CubeCLT_1.16.0/GNU-tools-for-STM32/bin/../lib/gcc/arm-none-eabi/12.3.1/../../../../arm-none-eabi/lib/thumb/v7-m/nofp\libc_nano.a(libc_a-memset.o)
                              C:/ST/STM32CubeCLT_1.16.0/GNU-tools-for-STM32/bin/../lib/gcc/arm-none-eabi/12.3.1/../../../../arm-none-eabi/lib/thumb/v7-m/nofp/crt0.o (memset)
C:/ST/STM32CubeCLT_1.16.0/GNU-tools-for-STM32/bin/../lib/gcc/arm-none-eabi/12.3.1/../../../../arm-none-eabi/lib/thumb/v7-m/nofp\libc_nano.a(libc_a-closer.o)
                              C:/ST/STM32CubeCLT_1.16.0/GNU-tools-for-STM32/bin/../lib/gcc/arm-none-eabi/12.3.1/../../../../arm-none-eabi/lib/thumb/v7-m/nofp\libc_nano.a(libc_a-stdio.o) (_close_r)
C:/ST/STM32CubeCLT_1.16.0/GNU-tools-for-STM32/bin/../lib/gcc/arm-none-eabi/12.3.1/../../../../arm-none-eabi/lib/thumb/v7-m/nofp\libc_nano.a(libc_a-reent.o)
                              C:/ST/STM32CubeCLT_1.16.0/GNU-tools-for-STM32/bin/../lib/gcc/arm-none-eabi/12.3.1/../../../../arm-none-eabi/lib/thumb/v7-m/nofp\libc_nano.a(libc_a-closer.o) (errno)
C:/ST/STM32CubeCLT_1.16.0/GNU-tools-for-STM32/bin/../lib/gcc/arm-none-eabi/12.3.1/../../../../arm-none-eabi/lib/thumb/v7-m/nofp\libc_nano.a(libc_a-impure.o)
                              C:/ST/STM32CubeCLT_1.16.0/GNU-tools-for-STM32/bin/../lib/gcc/arm-none-eabi/12.3.1/../../../../arm-none-eabi/lib/thumb/v7-m/nofp\libc_nano.a(libc_a-reent.o) (_impure_ptr)
C:/ST/STM32CubeCLT_1.16.0/GNU-tools-for-STM32/bin/../lib/gcc/arm-none-eabi/12.3.1/../../../../arm-none-eabi/lib/thumb/v7-m/nofp\libc_nano.a(libc_a-lseekr.o)
                              C:/ST/STM32CubeCLT_1.16.0/GNU-tools-for-STM32/bin/../lib/gcc/arm-none-eabi/12.3.1/../../../../arm-none-eabi/lib/thumb/v7-m/nofp\libc_nano.a(libc_a-stdio.o) (_lseek_r)
C:/ST/STM32CubeCLT_1.16.0/GNU-tools-for-STM32/bin/../lib/gcc/arm-none-eabi/12.3.1/../../../../arm-none-eabi/lib/thumb/v7-m/nofp\libc_nano.a(libc_a-readr.o)
                              C:/ST/STM32CubeCLT_1.16.0/GNU-tools-for-STM32/bin/../lib/gcc/arm-none-eabi/12.3.1/../../../../arm-none-eabi/lib/thumb/v7-m/nofp\libc_nano.a(libc_a-stdio.o) (_read_r)
C:/ST/STM32CubeCLT_1.16.0/GNU-tools-for-STM32/bin/../lib/gcc/arm-none-eabi/12.3.1/../../../../arm-none-eabi/lib/thumb/v7-m/nofp\libc_nano.a(libc_a-writer.o)
                              C:/ST/STM32CubeCLT_1.16.0/GNU-tools-for-STM32/bin/../lib/gcc/arm-none-eabi/12.3.1/../../../../arm-none-eabi/lib/thumb/v7-m/nofp\libc_nano.a(libc_a-stdio.o) (_write_r)
C:/ST/STM32CubeCLT_1.16.0/GNU-tools-for-STM32/bin/../lib/gcc/arm-none-eabi/12.3.1/../../../../arm-none-eabi/lib/thumb/v7-m/nofp\libc_nano.a(libc_a-init.o)
                              C:/ST/STM32CubeCLT_1.16.0/GNU-tools-for-STM32/bin/../lib/gcc/arm-none-eabi/12.3.1/../../../../arm-none-eabi/lib/thumb/v7-m/nofp/crt0.o (__libc_init_array)
C:/ST/STM32CubeCLT_1.16.0/GNU-tools-for-STM32/bin/../lib/gcc/arm-none-eabi/12.3.1/../../../../arm-none-eabi/lib/thumb/v7-m/nofp\libc_nano.a(libc_a-lock.o)
                              C:/ST/STM32CubeCLT_1.16.0/GNU-tools-for-STM32/bin/../lib/gcc/arm-none-eabi/12.3.1/../../../../arm-none-eabi/lib/thumb/v7-m/nofp\libc_nano.a(libc_a-findfp.o) (__retarget_lock_init_recursive)
C:/ST/STM32CubeCLT_1.16.0/GNU-tools-for-STM32/bin/../lib/gcc/arm-none-eabi/12.3.1/../../../../arm-none-eabi/lib/thumb/v7-m/nofp\libc_nano.a(libc_a-freer.o)
                              C:/ST/STM32CubeCLT_1.16.0/GNU-tools-for-STM32/bin/../lib/gcc/arm-none-eabi/12.3.1/../../../../arm-none-eabi/lib/thumb/v7-m/nofp\libc_nano.a(libc_a-reent.o) (_free_r)
[...]
Memory Configuration

Name             Origin             Length             Attributes
RAM              0x20000000         0x00005000         xrw
FLASH            0x08000000         0x00010000         xr
*default*        0x00000000         0xffffffff

Linker script and memory map

LOAD C:/ST/STM32CubeCLT_1.16.0/GNU-tools-for-STM32/bin/../lib/gcc/arm-none-eabi/12.3.1/thumb/v7-m/nofp/crti.o
LOAD C:/ST/STM32CubeCLT_1.16.0/GNU-tools-for-STM32/bin/../lib/gcc/arm-none-eabi/12.3.1/thumb/v7-m/nofp/crtbegin.o
LOAD C:/ST/STM32CubeCLT_1.16.0/GNU-tools-for-STM32/bin/../lib/gcc/arm-none-eabi/12.3.1/../../../../arm-none-eabi/lib/thumb/v7-m/nofp/crt0.o
START GROUP
LOAD C:/ST/STM32CubeCLT_1.16.0/GNU-tools-for-STM32/bin/../lib/gcc/arm-none-eabi/12.3.1/../../../../arm-none-eabi/lib/thumb/v7-m/nofp\libc_nano.a
LOAD C:/ST/STM32CubeCLT_1.16.0/GNU-tools-for-STM32/bin/../lib/gcc/arm-none-eabi/12.3.1/../../../../arm-none-eabi/lib/thumb/v7-m/nofp\libm.a
END GROUP
LOAD CMakeFiles/AirMouse_fw.dir/Core/Src/bluetooth.c.obj
LOAD CMakeFiles/AirMouse_fw.dir/Core/Src/button.c.obj
LOAD CMakeFiles/AirMouse_fw.dir/Core/Src/complementary_filter.c.obj
LOAD CMakeFiles/AirMouse_fw.dir/Core/Src/crc.c.obj
LOAD CMakeFiles/AirMouse_fw.dir/Core/Src/data_processing.c.obj
LOAD CMakeFiles/AirMouse_fw.dir/Core/Src/dma.c.obj
LOAD CMakeFiles/AirMouse_fw.dir/Core/Src/encoder.c.obj
LOAD CMakeFiles/AirMouse_fw.dir/Core/Src/gpio.c.obj
LOAD CMakeFiles/AirMouse_fw.dir/Core/Src/i2c.c.obj
LOAD CMakeFiles/AirMouse_fw.dir/Core/Src/kalman_filter.c.obj
LOAD CMakeFiles/AirMouse_fw.dir/Core/Src/main.c.obj
LOAD CMakeFiles/AirMouse_fw.dir/Core/Src/mpu6050.c.obj
LOAD CMakeFiles/AirMouse_fw.dir/Core/Src/stm32f1xx_hal_msp.c.obj
LOAD CMakeFiles/AirMouse_fw.dir/Core/Src/stm32f1xx_it.c.obj
LOAD CMakeFiles/AirMouse_fw.dir/Core/Src/syscalls.c.obj
LOAD CMakeFiles/AirMouse_fw.dir/Core/Src/sysmem.c.obj
LOAD CMakeFiles/AirMouse_fw.dir/Core/Src/system_stm32f1xx.c.obj
LOAD CMakeFiles/AirMouse_fw.dir/Core/Src/tim.c.obj
LOAD CMakeFiles/AirMouse_fw.dir/Core/Src/usart.c.obj
LOAD CMakeFiles/AirMouse_fw.dir/USB_DEVICE/App/usb_device.c.obj
LOAD CMakeFiles/AirMouse_fw.dir/USB_DEVICE/App/usbd_desc.c.obj
LOAD CMakeFiles/AirMouse_fw.dir/USB_DEVICE/App/usbd_cdc_if.c.obj
LOAD CMakeFiles/AirMouse_fw.dir/USB_DEVICE/Target/usbd_conf.c.obj
LOAD CMakeFiles/AirMouse_fw.dir/Drivers/STM32F1xx_HAL_Driver/Src/stm32f1xx_hal_gpio_ex.c.obj
LOAD CMakeFiles/AirMouse_fw.dir/Drivers/STM32F1xx_HAL_Driver/Src/stm32f1xx_hal_pcd.c.obj
LOAD CMakeFiles/AirMouse_fw.dir/Drivers/STM32F1xx_HAL_Driver/Src/stm32f1xx_hal_pcd_ex.c.obj
LOAD CMakeFiles/AirMouse_fw.dir/Drivers/STM32F1xx_HAL_Driver/Src/stm32f1xx_ll_usb.c.obj
LOAD CMakeFiles/AirMouse_fw.dir/Drivers/STM32F1xx_HAL_Driver/Src/stm32f1xx_hal.c.obj
LOAD CMakeFiles/AirMouse_fw.dir/Drivers/STM32F1xx_HAL_Driver/Src/stm32f1xx_hal_rcc.c.obj
LOAD CMakeFiles/AirMouse_fw.dir/Drivers/STM32F1xx_HAL_Driver/Src/stm32f1xx_hal_rcc_ex.c.obj
LOAD CMakeFiles/AirMouse_fw.dir/Drivers/STM32F1xx_HAL_Driver/Src/stm32f1xx_hal_gpio.c.obj
LOAD CMakeFiles/AirMouse_fw.dir/Drivers/STM32F1xx_HAL_Driver/Src/stm32f1xx_hal_dma.c.obj
LOAD CMakeFiles/AirMouse_fw.dir/Drivers/STM32F1xx_HAL_Driver/Src/stm32f1xx_hal_cortex.c.obj
LOAD CMakeFiles/AirMouse_fw.dir/Drivers/STM32F1xx_HAL_Driver/Src/stm32f1xx_hal_pwr.c.obj
LOAD CMakeFiles/AirMouse_fw.dir/Drivers/STM32F1xx_HAL_Driver/Src/stm32f1xx_hal_flash.c.obj
LOAD CMakeFiles/AirMouse_fw.dir/Drivers/STM32F1xx_HAL_Driver/Src/stm32f1xx_hal_flash_ex.c.obj
LOAD CMakeFiles/AirMouse_fw.dir/Drivers/STM32F1xx_HAL_Driver/Src/stm32f1xx_hal_exti.c.obj
LOAD CMakeFiles/AirMouse_fw.dir/Drivers/STM32F1xx_HAL_Driver/Src/stm32f1xx_hal_crc.c.obj
LOAD CMakeFiles/AirMouse_fw.dir/Drivers/STM32F1xx_HAL_Driver/Src/stm32f1xx_hal_i2c.c.obj
LOAD CMakeFiles/AirMouse_fw.dir/Drivers/STM32F1xx_HAL_Driver/Src/stm32f1xx_hal_tim.c.obj
LOAD CMakeFiles/AirMouse_fw.dir/Drivers/STM32F1xx_HAL_Driver/Src/stm32f1xx_hal_tim_ex.c.obj
LOAD CMakeFiles/AirMouse_fw.dir/Drivers/STM32F1xx_HAL_Driver/Src/stm32f1xx_hal_uart.c.obj
LOAD CMakeFiles/AirMouse_fw.dir/Middlewares/ST/STM32_USB_Device_Library/Core/Src/usbd_core.c.obj
LOAD CMakeFiles/AirMouse_fw.dir/Middlewares/ST/STM32_USB_Device_Library/Core/Src/usbd_ctlreq.c.obj
LOAD CMakeFiles/AirMouse_fw.dir/Middlewares/ST/STM32_USB_Device_Library/Core/Src/usbd_ioreq.c.obj
LOAD CMakeFiles/AirMouse_fw.dir/Middlewares/ST/STM32_USB_Device_Library/Class/CDC/Src/usbd_cdc.c.obj
LOAD CMakeFiles/AirMouse_fw.dir/startup_stm32f103xb.s.obj
START GROUP
LOAD C:/ST/STM32CubeCLT_1.16.0/GNU-tools-for-STM32/bin/../lib/gcc/arm-none-eabi/12.3.1/thumb/v7-m/nofp\libgcc.a
LOAD C:/ST/STM32CubeCLT_1.16.0/GNU-tools-for-STM32/bin/../lib/gcc/arm-none-eabi/12.3.1/../../../../arm-none-eabi/lib/thumb/v7-m/nofp\libg_nano.a
LOAD C:/ST/STM32CubeCLT_1.16.0/GNU-tools-for-STM32/bin/../lib/gcc/arm-none-eabi/12.3.1/../../../../arm-none-eabi/lib/thumb/v7-m/nofp\libc_nano.a
END GROUP
START GROUP
LOAD C:/ST/STM32CubeCLT_1.16.0/GNU-tools-for-STM32/bin/../lib/gcc/arm-none-eabi/12.3.1/thumb/v7-m/nofp\libgcc.a
LOAD C:/ST/STM32CubeCLT_1.16.0/GNU-tools-for-STM32/bin/../lib/gcc/arm-none-eabi/12.3.1/../../../../arm-none-eabi/lib/thumb/v7-m/nofp\libc_nano.a
END GROUP
LOAD C:/ST/STM32CubeCLT_1.16.0/GNU-tools-for-STM32/bin/../lib/gcc/arm-none-eabi/12.3.1/thumb/v7-m/nofp/crtend.o
LOAD C:/ST/STM32CubeCLT_1.16.0/GNU-tools-for-STM32/bin/../lib/gcc/arm-none-eabi/12.3.1/thumb/v7-m/nofp/crtn.o
                0x20005000                        _estack = (ORIGIN (RAM) + LENGTH (RAM))
                0x00000200                        _Min_Heap_Size = 0x200
                0x00000400                        _Min_Stack_Size = 0x400

.isr_vector     0x08000000      0x10c
                0x08000000                        . = ALIGN (0x4)
 *(.isr_vector)
 .isr_vector    0x08000000      0x10c CMakeFiles/AirMouse_fw.dir/startup_stm32f103xb.s.obj
                0x08000000                g_pfnVectors
                0x0800010c                        . = ALIGN (0x4)

.text           0x08000110     0xc26c
                0x08000110                        . = ALIGN (0x4)
 *(.text)
 .text          0x08000110       0x40 C:/ST/STM32CubeCLT_1.16.0/GNU-tools-for-STM32/bin/../lib/gcc/arm-none-eabi/12.3.1/thumb/v7-m/nofp/crtbegin.o
 .text          0x08000150      0x378 C:/ST/STM32CubeCLT_1.16.0/GNU-tools-for-STM32/bin/../lib/gcc/arm-none-eabi/12.3.1/thumb/v7-m/nofp\libgcc.a(_arm_addsubdf3.o)
                0x08000150                __aeabi_drsub
                0x08000158                __aeabi_dsub
                0x08000158                __subdf3
                0x0800015c                __aeabi_dadd
                0x0800015c                __adddf3
                0x080003d4                __floatunsidf
                0x080003d4                __aeabi_ui2d
                0x080003f4                __floatsidf
                0x080003f4                __aeabi_i2d
                0x08000418                __aeabi_f2d
                0x08000418                __extendsfdf2
                0x0800045c                __floatundidf
                0x0800045c                __aeabi_ul2d
                0x0800046c                __floatdidf
                0x0800046c                __aeabi_l2d
 .text          0x080004c8      0x424 C:/ST/STM32CubeCLT_1.16.0/GNU-tools-for-STM32/bin/../lib/gcc/arm-none-eabi/12.3.1/thumb/v7-m/nofp\libgcc.a(_arm_muldivdf3.o)
                0x080004c8                __aeabi_dmul
                0x080004c8                __muldf3
                0x0800071c                __divdf3
                0x0800071c                __aeabi_ddiv
 .text          0x080008ec       0xa0 C:/ST/STM32CubeCLT_1.16.0/GNU-tools-for-STM32/bin/../lib/gcc/arm-none-eabi/12.3.1/thumb/v7-m/nofp\libgcc.a(_arm_truncdfsf2.o)
                0x080008ec                __truncdfsf2
                0x080008ec                __aeabi_d2f
 .text          0x0800098c      0x21c C:/ST/STM32CubeCLT_1.16.0/GNU-tools-for-STM32/bin/../lib/gcc/arm-none-eabi/12.3.1/thumb/v7-m/nofp\libgcc.a(_arm_addsubsf3.o)
                0x0800098c                __aeabi_frsub
                0x08000994                __subsf3
                0x08000994                __aeabi_fsub
                0x08000998                __aeabi_fadd
                0x08000998                __addsf3
                0x08000af8                __aeabi_ui2f
                0x08000af8                __floatunsisf
                0x08000b00                __aeabi_i2f
                0x08000b00                __floatsisf
                0x08000b1c                __aeabi_ul2f
                0x08000b1c                __floatundisf
                0x08000b2c                __aeabi_l2f
                0x08000b2c                __floatdisf
 .text          0x08000ba8      0x2a0 C:/ST/STM32CubeCLT_1.16.0/GNU-tools-for-STM32/bin/../lib/gcc/arm-none-eabi/12.3.1/thumb/v7-m/nofp\libgcc.a(_arm_muldivsf3.o)
                0x08000ba8                __mulsf3
                0x08000ba8                __aeabi_fmul
                0x08000d10                __aeabi_fdiv
                0x08000d10                __divsf3
 .text          0x08000e48       0xec C:/ST/STM32CubeCLT_1.16.0/GNU-tools-for-STM32/bin/../lib/gcc/arm-none-eabi/12.3.1/thumb/v7-m/nofp\libgcc.a(_arm_cmpsf2.o)
                0x08000e48                __gesf2
                0x08000e48                __gtsf2
                0x08000e50                __lesf2
                0x08000e50                __ltsf2
                0x08000e58                __nesf2
                0x08000e58                __eqsf2
                0x08000e58                __cmpsf2
                0x08000eb8                __aeabi_cfrcmple
                0x08000ec0                __aeabi_cfcmpeq
                0x08000ec0                __aeabi_cfcmple
                0x08000ed0                __aeabi_fcmpeq
                0x08000ee4                __aeabi_fcmplt
                0x08000ef8                __aeabi_fcmple
                0x08000f0c                __aeabi_fcmpge
                0x08000f20                __aeabi_fcmpgt
 .text          0x08000f34       0x4c C:/ST/STM32CubeCLT_1.16.0/GNU-tools-for-STM32/bin/../lib/gcc/arm-none-eabi/12.3.1/thumb/v7-m/nofp\libgcc.a(_arm_fixsfsi.o)
                0x08000f34                __aeabi_f2iz
                0x08000f34                __fixsfsi
 .text          0x08000f80       0x2c C:/ST/STM32CubeCLT_1.16.0/GNU-tools-for-STM32/bin/../lib/gcc/arm-none-eabi/12.3.1/thumb/v7-m/nofp\libgcc.a(_arm_unordsf2.o)
                0x08000f80                __unordsf2
                0x08000f80                __aeabi_fcmpun
 *(.text*)
 .text.memset   0x08000fac       0x10 C:/ST/STM32CubeCLT_1.16.0/GNU-tools-for-STM32/bin/../lib/gcc/arm-none-eabi/12.3.1/../../../../arm-none-eabi/lib/thumb/v7-m/nofp\libc_nano.a(libc_a-memset.o)
                0x08000fac                memset
 .text.__libc_init_array
                0x08000fbc       0x48 C:/ST/STM32CubeCLT_1.16.0/GNU-tools-for-STM32/bin/../lib/gcc/arm-none-eabi/12.3.1/../../../../arm-none-eabi/lib/thumb/v7-m/nofp\libc_nano.a(libc_a-init.o)
                0x08000fbc                __libc_init_array
 .text.buttonInit
                0x08001004        0xc CMakeFiles/AirMouse_fw.dir/Core/Src/button.c.obj
                0x08001004                buttonInit
 .text.isButtonPressed
                0x08001010       0x64 CMakeFiles/AirMouse_fw.dir/Core/Src/button.c.obj
                0x08001010                isButtonPressed
 .text.buttonRead
                0x08001074       0x88 CMakeFiles/AirMouse_fw.dir/Core/Src/button.c.obj
                0x08001074                buttonRead
 .text.ComplementaryFilter_Init
                0x080010fc       0x22 CMakeFiles/AirMouse_fw.dir/Core/Src/complementary_filter.c.obj
                0x080010fc                ComplementaryFilter_Init
 .text.ComplementaryFilter_Update
                0x0800111e       0x6c CMakeFiles/AirMouse_fw.dir/Core/Src/complementary_filter.c.obj
                0x0800111e                ComplementaryFilter_Update
 *fill*         0x0800118a        0x2 
 .text.MX_CRC_Init
                0x0800118c       0x28 CMakeFiles/AirMouse_fw.dir/Core/Src/crc.c.obj
                0x0800118c                MX_CRC_Init
 .text.HAL_CRC_MspInit
                0x080011b4       0x3c CMakeFiles/AirMouse_fw.dir/Core/Src/crc.c.obj
                0x080011b4                HAL_CRC_MspInit
 .text.dataProcessingInit
                0x080011f0        0xc CMakeFiles/AirMouse_fw.dir/Core/Src/data_processing.c.obj
                0x080011f0                dataProcessingInit
 .text.filterInit
                0x080011fc       0x58 CMakeFiles/AirMouse_fw.dir/Core/Src/data_processing.c.obj
                0x080011fc                filterInit
 *fill*         0x08001254        0x4 
 .text.calculateMouseX
                0x08001258       0xec CMakeFiles/AirMouse_fw.dir/Core/Src/data_processing.c.obj
                0x08001258                calculateMouseX
 *fill*         0x08001344        0x4 
 .text.calculateMouseY
                0x08001348      0x180 CMakeFiles/AirMouse_fw.dir/Core/Src/data_processing.c.obj
                0x08001348                calculateMouseY
 .text.calculateMouseWheel
                0x080014c8       0x90 CMakeFiles/AirMouse_fw.dir/Core/Src/data_processing.c.obj
                0x080014c8                calculateMouseWheel
 .text.changeDPI
                0x08001558       0x8c CMakeFiles/AirMouse_fw.dir/Core/Src/data_processing.c.obj
                0x08001558                changeDPI
 .text.increaseSensitivity
                0x080015e4       0x68 CMakeFiles/AirMouse_fw.dir/Core/Src/data_processing.c.obj
                0x080015e4                increaseSensitivity
 .text.decreaseSensitivity
                0x0800164c       0x68 CMakeFiles/AirMouse_fw.dir/Core/Src/data_processing.c.obj
                0x0800164c                decreaseSensitivity
 .text.readData
                0x080016b4       0x60 CMakeFiles/AirMouse_fw.dir/Core/Src/data_processing.c.obj
                0x080016b4                readData
 .text.dataPadding
                0x08001714       0x58 CMakeFiles/AirMouse_fw.dir/Core/Src/data_processing.c.obj
                0x08001714                dataPadding
 .text.dataProcessing
                0x0800176c       0xd0 CMakeFiles/AirMouse_fw.dir/Core/Src/data_processing.c.obj
                0x0800176c                dataProcessing
 .text.MX_DMA_Init
                0x0800183c       0x3c CMakeFiles/AirMouse_fw.dir/Core/Src/dma.c.obj
                0x0800183c                MX_DMA_Init
 .text.encoderInit
                0x08001878       0x14 CMakeFiles/AirMouse_fw.dir/Core/Src/encoder.c.obj
                0x08001878                encoderInit
 .text.readEncoderSwitch
                0x0800188c       0x88 CMakeFiles/AirMouse_fw.dir/Core/Src/encoder.c.obj
                0x0800188c                readEncoderSwitch
 .text.getIsSwitch
                0x08001914       0x14 CMakeFiles/AirMouse_fw.dir/Core/Src/encoder.c.obj
                0x08001914                getIsSwitch
 .text.setIsSwitchTrue
                0x08001928       0x18 CMakeFiles/AirMouse_fw.dir/Core/Src/encoder.c.obj
                0x08001928                setIsSwitchTrue
 .text.setIsSwitchFalse
                0x08001940       0x18 CMakeFiles/AirMouse_fw.dir/Core/Src/encoder.c.obj
                0x08001940                setIsSwitchFalse
 .text.MX_GPIO_Init
                0x08001958       0xcc CMakeFiles/AirMouse_fw.dir/Core/Src/gpio.c.obj
                0x08001958                MX_GPIO_Init
 .text.MX_I2C1_Init
                0x08001a24       0x5c CMakeFiles/AirMouse_fw.dir/Core/Src/i2c.c.obj
                0x08001a24                MX_I2C1_Init
 .text.HAL_I2C_MspInit
                0x08001a80       0x7c CMakeFiles/AirMouse_fw.dir/Core/Src/i2c.c.obj
                0x08001a80                HAL_I2C_MspInit
 .text.KalmanFilter_Init
                0x08001afc       0x3a CMakeFiles/AirMouse_fw.dir/Core/Src/kalman_filter.c.obj
                0x08001afc                KalmanFilter_Init
 .text.KalmanFilter_Update
                0x08001b36       0xa8 CMakeFiles/AirMouse_fw.dir/Core/Src/kalman_filter.c.obj
                0x08001b36                KalmanFilter_Update
 .text.main     0x08001bde       0x46 CMakeFiles/AirMouse_fw.dir/Core/Src/main.c.obj
                0x08001bde                main
 .text.SystemClock_Config
                0x08001c24       0xb4 CMakeFiles/AirMouse_fw.dir/Core/Src/main.c.obj
                0x08001c24                SystemClock_Config
 .text.Error_Handler
                0x08001cd8        0xc CMakeFiles/AirMouse_fw.dir/Core/Src/main.c.obj
                0x08001cd8                Error_Handler
 .text.MPU6050_ReadOneByte
                0x08001ce4       0x3c CMakeFiles/AirMouse_fw.dir/Core/Src/mpu6050.c.obj
                0x08001ce4                MPU6050_ReadOneByte
 .text.MPU6050_WriteOneByte
                0x08001d20       0x38 CMakeFiles/AirMouse_fw.dir/Core/Src/mpu6050.c.obj
                0x08001d20                MPU6050_WriteOneByte
 .text.MPU6050_WriteBits
                0x08001d58       0x92 CMakeFiles/AirMouse_fw.dir/Core/Src/mpu6050.c.obj
                0x08001d58                MPU6050_WriteBits
 .text.MPU6050_WriteOneBit
                0x08001dea       0x6a CMakeFiles/AirMouse_fw.dir/Core/Src/mpu6050.c.obj
                0x08001dea                MPU6050_WriteOneBit
 .text.MPU6050_ReadBuff
                0x08001e54       0x48 CMakeFiles/AirMouse_fw.dir/Core/Src/mpu6050.c.obj
                0x08001e54                MPU6050_ReadBuff
 .text.MPU6050_SetClockSource
                0x08001e9c       0x1e CMakeFiles/AirMouse_fw.dir/Core/Src/mpu6050.c.obj
                0x08001e9c                MPU6050_SetClockSource
 .text.MPU6050_SetFullScaleGyroRange
                0x08001eba       0x1e CMakeFiles/AirMouse_fw.dir/Core/Src/mpu6050.c.obj
                0x08001eba                MPU6050_SetFullScaleGyroRange
 .text.MPU6050_SetLPF
                0x08001ed8       0x1c CMakeFiles/AirMouse_fw.dir/Core/Src/mpu6050.c.obj
                0x08001ed8                MPU6050_SetLPF
 .text.MPU6050_SetFullScaleAccelRange
                0x08001ef4       0x1e CMakeFiles/AirMouse_fw.dir/Core/Src/mpu6050.c.obj
                0x08001ef4                MPU6050_SetFullScaleAccelRange
 .text.MPU6050_SetSleepEnabled
                0x08001f12       0x1e CMakeFiles/AirMouse_fw.dir/Core/Src/mpu6050.c.obj
                0x08001f12                MPU6050_SetSleepEnabled
 .text.MPU6050_SetI2CMasterModeEnabled
                0x08001f30       0x1e CMakeFiles/AirMouse_fw.dir/Core/Src/mpu6050.c.obj
                0x08001f30                MPU6050_SetI2CMasterModeEnabled
 .text.MPU6050_SetI2CBypassEnabled
                0x08001f4e       0x1e CMakeFiles/AirMouse_fw.dir/Core/Src/mpu6050.c.obj
                0x08001f4e                MPU6050_SetI2CBypassEnabled
 .text.MPU6050_GetData
                0x08001f6c      0x184 CMakeFiles/AirMouse_fw.dir/Core/Src/mpu6050.c.obj
                0x08001f6c                MPU6050_GetData
 .text.MPU6050_Init
                0x080020f0       0x76 CMakeFiles/AirMouse_fw.dir/Core/Src/mpu6050.c.obj
                0x080020f0                MPU6050_Init
 *fill*         0x08002166        0x2 
 .text.HAL_MspInit
                0x08002168       0x64 CMakeFiles/AirMouse_fw.dir/Core/Src/stm32f1xx_hal_msp.c.obj
                0x08002168                HAL_MspInit
 .text.NMI_Handler
                0x080021cc        0x8 CMakeFiles/AirMouse_fw.dir/Core/Src/stm32f1xx_it.c.obj
                0x080021cc                NMI_Handler
 .text.HardFault_Handler
                0x080021d4        0x8 CMakeFiles/AirMouse_fw.dir/Core/Src/stm32f1xx_it.c.obj
                0x080021d4                HardFault_Handler
 .text.MemManage_Handler
                0x080021dc        0x8 CMakeFiles/AirMouse_fw.dir/Core/Src/stm32f1xx_it.c.obj
                0x080021dc                MemManage_Handler
 .text.BusFault_Handler
                0x080021e4        0x8 CMakeFiles/AirMouse_fw.dir/Core/Src/stm32f1xx_it.c.obj
                0x080021e4                BusFault_Handler
 .text.UsageFault_Handler
                0x080021ec        0x8 CMakeFiles/AirMouse_fw.dir/Core/Src/stm32f1xx_it.c.obj
                0x080021ec                UsageFault_Handler
 .text.SVC_Handler
                0x080021f4        0xc CMakeFiles/AirMouse_fw.dir/Core/Src/stm32f1xx_it.c.obj
                0x080021f4                SVC_Handler
 .text.DebugMon_Handler
                0x08002200        0xc CMakeFiles/AirMouse_fw.dir/Core/Src/stm32f1xx_it.c.obj
                0x08002200                DebugMon_Handler
 .text.PendSV_Handler
                0x0800220c        0xc CMakeFiles/AirMouse_fw.dir/Core/Src/stm32f1xx_it.c.obj
                0x0800220c                PendSV_Handler
 .text.SysTick_Handler
                0x08002218        0xc CMakeFiles/AirMouse_fw.dir/Core/Src/stm32f1xx_it.c.obj
                0x08002218                SysTick_Handler
 .text.DMA1_Channel6_IRQHandler
                0x08002224       0x14 CMakeFiles/AirMouse_fw.dir/Core/Src/stm32f1xx_it.c.obj
                0x08002224                DMA1_Channel6_IRQHandler
 .text.USB_LP_CAN1_RX0_IRQHandler
                0x08002238       0x14 CMakeFiles/AirMouse_fw.dir/Core/Src/stm32f1xx_it.c.obj
                0x08002238                USB_LP_CAN1_RX0_IRQHandler
 .text.TIM3_IRQHandler
                0x0800224c       0x14 CMakeFiles/AirMouse_fw.dir/Core/Src/stm32f1xx_it.c.obj
                0x0800224c                TIM3_IRQHandler
 .text.USART2_IRQHandler
                0x08002260       0x14 CMakeFiles/AirMouse_fw.dir/Core/Src/stm32f1xx_it.c.obj
                0x08002260                USART2_IRQHandler
 .text.SystemInit
                0x08002274        0xc CMakeFiles/AirMouse_fw.dir/Core/Src/system_stm32f1xx.c.obj
                0x08002274                SystemInit
 .text.MX_TIM3_Init
                0x08002280       0xa8 CMakeFiles/AirMouse_fw.dir/Core/Src/tim.c.obj
                0x08002280                MX_TIM3_Init
 .text.HAL_TIM_Encoder_MspInit
                0x08002328       0x8c CMakeFiles/AirMouse_fw.dir/Core/Src/tim.c.obj
                0x08002328                HAL_TIM_Encoder_MspInit
 .text.MX_USART2_UART_Init
                0x080023b4       0x54 CMakeFiles/AirMouse_fw.dir/Core/Src/usart.c.obj
                0x080023b4                MX_USART2_UART_Init
 .text.HAL_UART_MspInit
                0x08002408       0xf8 CMakeFiles/AirMouse_fw.dir/Core/Src/usart.c.obj
                0x08002408                HAL_UART_MspInit
 .text.MX_USB_DEVICE_Init
                0x08002500       0x60 CMakeFiles/AirMouse_fw.dir/USB_DEVICE/App/usb_device.c.obj
                0x08002500                MX_USB_DEVICE_Init
 .text.USBD_FS_DeviceDescriptor
                0x08002560       0x24 CMakeFiles/AirMouse_fw.dir/USB_DEVICE/App/usbd_desc.c.obj
                0x08002560                USBD_FS_DeviceDescriptor
 .text.USBD_FS_LangIDStrDescriptor
                0x08002584       0x24 CMakeFiles/AirMouse_fw.dir/USB_DEVICE/App/usbd_desc.c.obj
                0x08002584                USBD_FS_LangIDStrDescriptor
 .text.USBD_FS_ProductStrDescriptor
                0x080025a8       0x3c CMakeFiles/AirMouse_fw.dir/USB_DEVICE/App/usbd_desc.c.obj
                0x080025a8                USBD_FS_ProductStrDescriptor
 .text.USBD_FS_ManufacturerStrDescriptor
                0x080025e4       0x28 CMakeFiles/AirMouse_fw.dir/USB_DEVICE/App/usbd_desc.c.obj
                0x080025e4                USBD_FS_ManufacturerStrDescriptor
 .text.USBD_FS_SerialStrDescriptor
                0x0800260c       0x24 CMakeFiles/AirMouse_fw.dir/USB_DEVICE/App/usbd_desc.c.obj
                0x0800260c                USBD_FS_SerialStrDescriptor
 .text.USBD_FS_ConfigStrDescriptor
                0x08002630       0x3c CMakeFiles/AirMouse_fw.dir/USB_DEVICE/App/usbd_desc.c.obj
                0x08002630                USBD_FS_ConfigStrDescriptor
 .text.USBD_FS_InterfaceStrDescriptor
                0x0800266c       0x3c CMakeFiles/AirMouse_fw.dir/USB_DEVICE/App/usbd_desc.c.obj
                0x0800266c                USBD_FS_InterfaceStrDescriptor
 .text.Get_SerialNum
                0x080026a8       0x58 CMakeFiles/AirMouse_fw.dir/USB_DEVICE/App/usbd_desc.c.obj
 .text.IntToUnicode
                0x08002700       0x7c CMakeFiles/AirMouse_fw.dir/USB_DEVICE/App/usbd_desc.c.obj
 .text.CDC_Init_FS
                0x0800277c       0x28 CMakeFiles/AirMouse_fw.dir/USB_DEVICE/App/usbd_cdc_if.c.obj
 .text.CDC_DeInit_FS
                0x080027a4        0xe CMakeFiles/AirMouse_fw.dir/USB_DEVICE/App/usbd_cdc_if.c.obj
 *fill*         0x080027b2        0x2 
 .text.CDC_Control_FS
                0x080027b4       0xbc CMakeFiles/AirMouse_fw.dir/USB_DEVICE/App/usbd_cdc_if.c.obj
 .text.CDC_Receive_FS
                0x08002870       0x28 CMakeFiles/AirMouse_fw.dir/USB_DEVICE/App/usbd_cdc_if.c.obj
 .text.HAL_PCD_MspInit
                0x08002898       0x4c CMakeFiles/AirMouse_fw.dir/USB_DEVICE/Target/usbd_conf.c.obj
                0x08002898                HAL_PCD_MspInit
 .text.HAL_PCD_SetupStageCallback
                0x080028e4       0x24 CMakeFiles/AirMouse_fw.dir/USB_DEVICE/Target/usbd_conf.c.obj
                0x080028e4                HAL_PCD_SetupStageCallback
 .text.HAL_PCD_DataOutStageCallback
                0x08002908       0x36 CMakeFiles/AirMouse_fw.dir/USB_DEVICE/Target/usbd_conf.c.obj
                0x08002908                HAL_PCD_DataOutStageCallback
 .text.HAL_PCD_DataInStageCallback
                0x0800293e       0x34 CMakeFiles/AirMouse_fw.dir/USB_DEVICE/Target/usbd_conf.c.obj
                0x0800293e                HAL_PCD_DataInStageCallback
 .text.HAL_PCD_SOFCallback
                0x08002972       0x1c CMakeFiles/AirMouse_fw.dir/USB_DEVICE/Target/usbd_conf.c.obj
                0x08002972                HAL_PCD_SOFCallback
 .text.HAL_PCD_ResetCallback
                0x0800298e       0x3c CMakeFiles/AirMouse_fw.dir/USB_DEVICE/Target/usbd_conf.c.obj
                0x0800298e                HAL_PCD_ResetCallback
 *fill*         0x080029ca        0x2 
 .text.HAL_PCD_SuspendCallback
                0x080029cc       0x34 CMakeFiles/AirMouse_fw.dir/USB_DEVICE/Target/usbd_conf.c.obj
                0x080029cc                HAL_PCD_SuspendCallback
 .text.HAL_PCD_ResumeCallback
                0x08002a00       0x1c CMakeFiles/AirMouse_fw.dir/USB_DEVICE/Target/usbd_conf.c.obj
                0x08002a00                HAL_PCD_ResumeCallback
 .text.USBD_LL_Init
                0x08002a1c       0xb4 CMakeFiles/AirMouse_fw.dir/USB_DEVICE/Target/usbd_conf.c.obj
                0x08002a1c                USBD_LL_Init
 .text.USBD_LL_Start
                0x08002ad0       0x36 CMakeFiles/AirMouse_fw.dir/USB_DEVICE/Target/usbd_conf.c.obj
                0x08002ad0                USBD_LL_Start
 .text.USBD_LL_OpenEP
                0x08002b06       0x4c CMakeFiles/AirMouse_fw.dir/USB_DEVICE/Target/usbd_conf.c.obj
                0x08002b06                USBD_LL_OpenEP
 .text.USBD_LL_CloseEP
                0x08002b52       0x3e CMakeFiles/AirMouse_fw.dir/USB_DEVICE/Target/usbd_conf.c.obj
                0x08002b52                USBD_LL_CloseEP
 .text.USBD_LL_StallEP
                0x08002b90       0x3e CMakeFiles/AirMouse_fw.dir/USB_DEVICE/Target/usbd_conf.c.obj
                0x08002b90                USBD_LL_StallEP
 .text.USBD_LL_ClearStallEP
                0x08002bce       0x3e CMakeFiles/AirMouse_fw.dir/USB_DEVICE/Target/usbd_conf.c.obj
                0x08002bce                USBD_LL_ClearStallEP
 .text.USBD_LL_IsStallEP
                0x08002c0c       0x56 CMakeFiles/AirMouse_fw.dir/USB_DEVICE/Target/usbd_conf.c.obj
                0x08002c0c                USBD_LL_IsStallEP
 .text.USBD_LL_SetUSBAddress
                0x08002c62       0x3e CMakeFiles/AirMouse_fw.dir/USB_DEVICE/Target/usbd_conf.c.obj
                0x08002c62                USBD_LL_SetUSBAddress
 .text.USBD_LL_Transmit
                0x08002ca0       0x46 CMakeFiles/AirMouse_fw.dir/USB_DEVICE/Target/usbd_conf.c.obj
                0x08002ca0                USBD_LL_Transmit
 .text.USBD_LL_PrepareReceive
                0x08002ce6       0x46 CMakeFiles/AirMouse_fw.dir/USB_DEVICE/Target/usbd_conf.c.obj
                0x08002ce6                USBD_LL_PrepareReceive
 .text.USBD_LL_GetRxDataSize
                0x08002d2c       0x26 CMakeFiles/AirMouse_fw.dir/USB_DEVICE/Target/usbd_conf.c.obj
                0x08002d2c                USBD_LL_GetRxDataSize
 *fill*         0x08002d52        0x2 
 .text.USBD_static_malloc
                0x08002d54       0x18 CMakeFiles/AirMouse_fw.dir/USB_DEVICE/Target/usbd_conf.c.obj
                0x08002d54                USBD_static_malloc
 .text.USBD_static_free
                0x08002d6c       0x12 CMakeFiles/AirMouse_fw.dir/USB_DEVICE/Target/usbd_conf.c.obj
                0x08002d6c                USBD_static_free
 .text.HAL_PCDEx_SetConnectionState
                0x08002d7e       0x16 CMakeFiles/AirMouse_fw.dir/USB_DEVICE/Target/usbd_conf.c.obj
                0x08002d7e                HAL_PCDEx_SetConnectionState
 .text.USBD_Get_USB_Status
                0x08002d94       0x58 CMakeFiles/AirMouse_fw.dir/USB_DEVICE/Target/usbd_conf.c.obj
 .text.HAL_PCD_Init
                0x08002dec      0x1ec CMakeFiles/AirMouse_fw.dir/Drivers/STM32F1xx_HAL_Driver/Src/stm32f1xx_hal_pcd.c.obj
                0x08002dec                HAL_PCD_Init
 .text.HAL_PCD_Start
                0x08002fd8       0x4c CMakeFiles/AirMouse_fw.dir/Drivers/STM32F1xx_HAL_Driver/Src/stm32f1xx_hal_pcd.c.obj
                0x08002fd8                HAL_PCD_Start
 .text.HAL_PCD_IRQHandler
                0x08003024      0x260 CMakeFiles/AirMouse_fw.dir/Drivers/STM32F1xx_HAL_Driver/Src/stm32f1xx_hal_pcd.c.obj
                0x08003024                HAL_PCD_IRQHandler
 .text.HAL_PCD_SetAddress
                0x08003284       0x48 CMakeFiles/AirMouse_fw.dir/Drivers/STM32F1xx_HAL_Driver/Src/stm32f1xx_hal_pcd.c.obj
                0x08003284                HAL_PCD_SetAddress
 .text.HAL_PCD_EP_Open
                0x080032cc       0xba CMakeFiles/AirMouse_fw.dir/Drivers/STM32F1xx_HAL_Driver/Src/stm32f1xx_hal_pcd.c.obj
                0x080032cc                HAL_PCD_EP_Open
 .text.HAL_PCD_EP_Close
                0x08003386       0x90 CMakeFiles/AirMouse_fw.dir/Drivers/STM32F1xx_HAL_Driver/Src/stm32f1xx_hal_pcd.c.obj
                0x08003386                HAL_PCD_EP_Close
 .text.HAL_PCD_EP_Receive
                0x08003416       0x62 CMakeFiles/AirMouse_fw.dir/Drivers/STM32F1xx_HAL_Driver/Src/stm32f1xx_hal_pcd.c.obj
                0x08003416                HAL_PCD_EP_Receive
 .text.HAL_PCD_EP_GetRxCount
                0x08003478       0x2e CMakeFiles/AirMouse_fw.dir/Drivers/STM32F1xx_HAL_Driver/Src/stm32f1xx_hal_pcd.c.obj
                0x08003478                HAL_PCD_EP_GetRxCount
 .text.HAL_PCD_EP_Transmit
                0x080034a6       0x6e CMakeFiles/AirMouse_fw.dir/Drivers/STM32F1xx_HAL_Driver/Src/stm32f1xx_hal_pcd.c.obj
                0x080034a6                HAL_PCD_EP_Transmit
 .text.HAL_PCD_EP_SetStall
                0x08003514       0xc0 CMakeFiles/AirMouse_fw.dir/Drivers/STM32F1xx_HAL_Driver/Src/stm32f1xx_hal_pcd.c.obj
                0x08003514                HAL_PCD_EP_SetStall
 .text.HAL_PCD_EP_ClrStall
                0x080035d4       0xa8 CMakeFiles/AirMouse_fw.dir/Drivers/STM32F1xx_HAL_Driver/Src/stm32f1xx_hal_pcd.c.obj
                0x080035d4                HAL_PCD_EP_ClrStall
 .text.PCD_EP_ISR_Handler
                0x0800367c      0x79e CMakeFiles/AirMouse_fw.dir/Drivers/STM32F1xx_HAL_Driver/Src/stm32f1xx_hal_pcd.c.obj
 .text.HAL_PCD_EP_DB_Receive
                0x08003e1a      0x21a CMakeFiles/AirMouse_fw.dir/Drivers/STM32F1xx_HAL_Driver/Src/stm32f1xx_hal_pcd.c.obj
 .text.HAL_PCD_EP_DB_Transmit
                0x08004034      0x7f4 CMakeFiles/AirMouse_fw.dir/Drivers/STM32F1xx_HAL_Driver/Src/stm32f1xx_hal_pcd.c.obj
 .text.HAL_PCDEx_PMAConfig
                0x08004828       0x84 CMakeFiles/AirMouse_fw.dir/Drivers/STM32F1xx_HAL_Driver/Src/stm32f1xx_hal_pcd_ex.c.obj
                0x08004828                HAL_PCDEx_PMAConfig
 .text.USB_CoreInit
                0x080048ac       0x1a CMakeFiles/AirMouse_fw.dir/Drivers/STM32F1xx_HAL_Driver/Src/stm32f1xx_ll_usb.c.obj
                0x080048ac                USB_CoreInit
 .text.USB_EnableGlobalInt
                0x080048c6       0x2c CMakeFiles/AirMouse_fw.dir/Drivers/STM32F1xx_HAL_Driver/Src/stm32f1xx_ll_usb.c.obj
                0x080048c6                USB_EnableGlobalInt
 .text.USB_DisableGlobalInt
                0x080048f2       0x34 CMakeFiles/AirMouse_fw.dir/Drivers/STM32F1xx_HAL_Driver/Src/stm32f1xx_ll_usb.c.obj
                0x080048f2                USB_DisableGlobalInt
 .text.USB_SetCurrentMode
                0x08004926       0x18 CMakeFiles/AirMouse_fw.dir/Drivers/STM32F1xx_HAL_Driver/Src/stm32f1xx_ll_usb.c.obj
                0x08004926                USB_SetCurrentMode
 .text.USB_DevInit
                0x0800493e       0x3a CMakeFiles/AirMouse_fw.dir/Drivers/STM32F1xx_HAL_Driver/Src/stm32f1xx_ll_usb.c.obj
                0x0800493e                USB_DevInit
 .text.USB_ActivateEndpoint
                0x08004978      0x780 CMakeFiles/AirMouse_fw.dir/Drivers/STM32F1xx_HAL_Driver/Src/stm32f1xx_ll_usb.c.obj
                0x08004978                USB_ActivateEndpoint
 .text.USB_DeactivateEndpoint
                0x080050f8      0x3d8 CMakeFiles/AirMouse_fw.dir/Drivers/STM32F1xx_HAL_Driver/Src/stm32f1xx_ll_usb.c.obj
                0x080050f8                USB_DeactivateEndpoint
 .text.USB_EPStartXfer
                0x080054d0     0x1762 CMakeFiles/AirMouse_fw.dir/Drivers/STM32F1xx_HAL_Driver/Src/stm32f1xx_ll_usb.c.obj
                0x080054d0                USB_EPStartXfer
 .text.USB_EPSetStall
                0x08006c32       0xa0 CMakeFiles/AirMouse_fw.dir/Drivers/STM32F1xx_HAL_Driver/Src/stm32f1xx_ll_usb.c.obj
                0x08006c32                USB_EPSetStall
 .text.USB_EPClearStall
                0x08006cd2      0x15a CMakeFiles/AirMouse_fw.dir/Drivers/STM32F1xx_HAL_Driver/Src/stm32f1xx_ll_usb.c.obj
                0x08006cd2                USB_EPClearStall
 .text.USB_SetDevAddress
                0x08006e2c       0x26 CMakeFiles/AirMouse_fw.dir/Drivers/STM32F1xx_HAL_Driver/Src/stm32f1xx_ll_usb.c.obj
                0x08006e2c                USB_SetDevAddress
 .text.USB_DevConnect
                0x08006e52       0x14 CMakeFiles/AirMouse_fw.dir/Drivers/STM32F1xx_HAL_Driver/Src/stm32f1xx_ll_usb.c.obj
                0x08006e52                USB_DevConnect
 .text.USB_DevDisconnect
                0x08006e66       0x14 CMakeFiles/AirMouse_fw.dir/Drivers/STM32F1xx_HAL_Driver/Src/stm32f1xx_ll_usb.c.obj
                0x08006e66                USB_DevDisconnect
 .text.USB_ReadInterrupts
                0x08006e7a       0x1e CMakeFiles/AirMouse_fw.dir/Drivers/STM32F1xx_HAL_Driver/Src/stm32f1xx_ll_usb.c.obj
                0x08006e7a                USB_ReadInterrupts
 .text.USB_EP0_OutStart
                0x08006e98       0x16 CMakeFiles/AirMouse_fw.dir/Drivers/STM32F1xx_HAL_Driver/Src/stm32f1xx_ll_usb.c.obj
                0x08006e98                USB_EP0_OutStart
 .text.USB_WritePMA
                0x08006eae       0x8a CMakeFiles/AirMouse_fw.dir/Drivers/STM32F1xx_HAL_Driver/Src/stm32f1xx_ll_usb.c.obj
                0x08006eae                USB_WritePMA
 .text.USB_ReadPMA
                0x08006f38       0x9e CMakeFiles/AirMouse_fw.dir/Drivers/STM32F1xx_HAL_Driver/Src/stm32f1xx_ll_usb.c.obj
                0x08006f38                USB_ReadPMA
 *fill*         0x08006fd6        0x2 
 .text.HAL_Init
                0x08006fd8       0x2c CMakeFiles/AirMouse_fw.dir/Drivers/STM32F1xx_HAL_Driver/Src/stm32f1xx_hal.c.obj
                0x08006fd8                HAL_Init
 .text.HAL_InitTick
                0x08007004       0x60 CMakeFiles/AirMouse_fw.dir/Drivers/STM32F1xx_HAL_Driver/Src/stm32f1xx_hal.c.obj
                0x08007004                HAL_InitTick
 .text.HAL_IncTick
                0x08007064       0x24 CMakeFiles/AirMouse_fw.dir/Drivers/STM32F1xx_HAL_Driver/Src/stm32f1xx_hal.c.obj
                0x08007064                HAL_IncTick
 .text.HAL_GetTick
                0x08007088       0x14 CMakeFiles/AirMouse_fw.dir/Drivers/STM32F1xx_HAL_Driver/Src/stm32f1xx_hal.c.obj
                0x08007088                HAL_GetTick
 .text.HAL_Delay
                0x0800709c       0x48 CMakeFiles/AirMouse_fw.dir/Drivers/STM32F1xx_HAL_Driver/Src/stm32f1xx_hal.c.obj
                0x0800709c                HAL_Delay
 .text.HAL_RCC_OscConfig
                0x080070e4      0x504 CMakeFiles/AirMouse_fw.dir/Drivers/STM32F1xx_HAL_Driver/Src/stm32f1xx_hal_rcc.c.obj
                0x080070e4                HAL_RCC_OscConfig
 .text.HAL_RCC_ClockConfig
                0x080075e8      0x1d4 CMakeFiles/AirMouse_fw.dir/Drivers/STM32F1xx_HAL_Driver/Src/stm32f1xx_hal_rcc.c.obj
                0x080075e8                HAL_RCC_ClockConfig
 .text.HAL_RCC_GetSysClockFreq
                0x080077bc       0xa8 CMakeFiles/AirMouse_fw.dir/Drivers/STM32F1xx_HAL_Driver/Src/stm32f1xx_hal_rcc.c.obj
                0x080077bc                HAL_RCC_GetSysClockFreq
 .text.HAL_RCC_GetHCLKFreq
                0x08007864       0x14 CMakeFiles/AirMouse_fw.dir/Drivers/STM32F1xx_HAL_Driver/Src/stm32f1xx_hal_rcc.c.obj
                0x08007864                HAL_RCC_GetHCLKFreq
 .text.HAL_RCC_GetPCLK1Freq
                0x08007878       0x28 CMakeFiles/AirMouse_fw.dir/Drivers/STM32F1xx_HAL_Driver/Src/stm32f1xx_hal_rcc.c.obj
                0x08007878                HAL_RCC_GetPCLK1Freq
 .text.HAL_RCC_GetPCLK2Freq
                0x080078a0       0x28 CMakeFiles/AirMouse_fw.dir/Drivers/STM32F1xx_HAL_Driver/Src/stm32f1xx_hal_rcc.c.obj
                0x080078a0                HAL_RCC_GetPCLK2Freq
 .text.RCC_Delay
                0x080078c8       0x3c CMakeFiles/AirMouse_fw.dir/Drivers/STM32F1xx_HAL_Driver/Src/stm32f1xx_hal_rcc.c.obj
 .text.HAL_RCCEx_PeriphCLKConfig
                0x08007904      0x16c CMakeFiles/AirMouse_fw.dir/Drivers/STM32F1xx_HAL_Driver/Src/stm32f1xx_hal_rcc_ex.c.obj
                0x08007904                HAL_RCCEx_PeriphCLKConfig
 .text.HAL_GPIO_Init
                0x08007a70      0x308 CMakeFiles/AirMouse_fw.dir/Drivers/STM32F1xx_HAL_Driver/Src/stm32f1xx_hal_gpio.c.obj
                0x08007a70                HAL_GPIO_Init
 .text.HAL_GPIO_ReadPin
                0x08007d78       0x2e CMakeFiles/AirMouse_fw.dir/Drivers/STM32F1xx_HAL_Driver/Src/stm32f1xx_hal_gpio.c.obj
                0x08007d78                HAL_GPIO_ReadPin
 .text.HAL_GPIO_WritePin
                0x08007da6       0x30 CMakeFiles/AirMouse_fw.dir/Drivers/STM32F1xx_HAL_Driver/Src/stm32f1xx_hal_gpio.c.obj
                0x08007da6                HAL_GPIO_WritePin
 *fill*         0x08007dd6        0x2 
 .text.HAL_DMA_Init
                0x08007dd8       0xb4 CMakeFiles/AirMouse_fw.dir/Drivers/STM32F1xx_HAL_Driver/Src/stm32f1xx_hal_dma.c.obj
                0x08007dd8                HAL_DMA_Init
 .text.HAL_DMA_Abort
                0x08007e8c       0x76 CMakeFiles/AirMouse_fw.dir/Drivers/STM32F1xx_HAL_Driver/Src/stm32f1xx_hal_dma.c.obj
                0x08007e8c                HAL_DMA_Abort
 *fill*         0x08007f02        0x2 
 .text.HAL_DMA_Abort_IT
                0x08007f04       0xf0 CMakeFiles/AirMouse_fw.dir/Drivers/STM32F1xx_HAL_Driver/Src/stm32f1xx_hal_dma.c.obj
                0x08007f04                HAL_DMA_Abort_IT
 .text.HAL_DMA_IRQHandler
                0x08007ff4      0x20c CMakeFiles/AirMouse_fw.dir/Drivers/STM32F1xx_HAL_Driver/Src/stm32f1xx_hal_dma.c.obj
                0x08007ff4                HAL_DMA_IRQHandler
 .text.__NVIC_SetPriorityGrouping
                0x08008200       0x48 CMakeFiles/AirMouse_fw.dir/Drivers/STM32F1xx_HAL_Driver/Src/stm32f1xx_hal_cortex.c.obj
 .text.__NVIC_GetPriorityGrouping
                0x08008248       0x1c CMakeFiles/AirMouse_fw.dir/Drivers/STM32F1xx_HAL_Driver/Src/stm32f1xx_hal_cortex.c.obj
 .text.__NVIC_EnableIRQ
                0x08008264       0x38 CMakeFiles/AirMouse_fw.dir/Drivers/STM32F1xx_HAL_Driver/Src/stm32f1xx_hal_cortex.c.obj
 .text.__NVIC_SetPriority
                0x0800829c       0x54 CMakeFiles/AirMouse_fw.dir/Drivers/STM32F1xx_HAL_Driver/Src/stm32f1xx_hal_cortex.c.obj
 .text.NVIC_EncodePriority
                0x080082f0       0x64 CMakeFiles/AirMouse_fw.dir/Drivers/STM32F1xx_HAL_Driver/Src/stm32f1xx_hal_cortex.c.obj
 .text.SysTick_Config
                0x08008354       0x44 CMakeFiles/AirMouse_fw.dir/Drivers/STM32F1xx_HAL_Driver/Src/stm32f1xx_hal_cortex.c.obj
 .text.HAL_NVIC_SetPriorityGrouping
                0x08008398       0x16 CMakeFiles/AirMouse_fw.dir/Drivers/STM32F1xx_HAL_Driver/Src/stm32f1xx_hal_cortex.c.obj
                0x08008398                HAL_NVIC_SetPriorityGrouping
 .text.HAL_NVIC_SetPriority
                0x080083ae       0x38 CMakeFiles/AirMouse_fw.dir/Drivers/STM32F1xx_HAL_Driver/Src/stm32f1xx_hal_cortex.c.obj
                0x080083ae                HAL_NVIC_SetPriority
 .text.HAL_NVIC_EnableIRQ
                0x080083e6       0x1c CMakeFiles/AirMouse_fw.dir/Drivers/STM32F1xx_HAL_Driver/Src/stm32f1xx_hal_cortex.c.obj
                0x080083e6                HAL_NVIC_EnableIRQ
 .text.HAL_SYSTICK_Config
                0x08008402       0x18 CMakeFiles/AirMouse_fw.dir/Drivers/STM32F1xx_HAL_Driver/Src/stm32f1xx_hal_cortex.c.obj
                0x08008402                HAL_SYSTICK_Config
 .text.HAL_CRC_Init
                0x0800841a       0x38 CMakeFiles/AirMouse_fw.dir/Drivers/STM32F1xx_HAL_Driver/Src/stm32f1xx_hal_crc.c.obj
                0x0800841a                HAL_CRC_Init
 .text.HAL_CRC_Calculate
                0x08008452       0x64 CMakeFiles/AirMouse_fw.dir/Drivers/STM32F1xx_HAL_Driver/Src/stm32f1xx_hal_crc.c.obj
                0x08008452                HAL_CRC_Calculate
 *fill*         0x080084b6        0x2 
 .text.HAL_I2C_Init
                0x080084b8      0x288 CMakeFiles/AirMouse_fw.dir/Drivers/STM32F1xx_HAL_Driver/Src/stm32f1xx_hal_i2c.c.obj
                0x080084b8                HAL_I2C_Init
 .text.HAL_I2C_Mem_Write
                0x08008740      0x1f4 CMakeFiles/AirMouse_fw.dir/Drivers/STM32F1xx_HAL_Driver/Src/stm32f1xx_hal_i2c.c.obj
                0x08008740                HAL_I2C_Mem_Write
 .text.HAL_I2C_Mem_Read
                0x08008934      0x4e8 CMakeFiles/AirMouse_fw.dir/Drivers/STM32F1xx_HAL_Driver/Src/stm32f1xx_hal_i2c.c.obj
                0x08008934                HAL_I2C_Mem_Read
 .text.I2C_RequestMemoryWrite
                0x08008e1c      0x12c CMakeFiles/AirMouse_fw.dir/Drivers/STM32F1xx_HAL_Driver/Src/stm32f1xx_hal_i2c.c.obj
 .text.I2C_RequestMemoryRead
                0x08008f48      0x1d0 CMakeFiles/AirMouse_fw.dir/Drivers/STM32F1xx_HAL_Driver/Src/stm32f1xx_hal_i2c.c.obj
 .text.I2C_WaitOnFlagUntilTimeout
                0x08009118       0xf4 CMakeFiles/AirMouse_fw.dir/Drivers/STM32F1xx_HAL_Driver/Src/stm32f1xx_hal_i2c.c.obj
 .text.I2C_WaitOnMasterAddressFlagUntilTimeout
                0x0800920c      0x140 CMakeFiles/AirMouse_fw.dir/Drivers/STM32F1xx_HAL_Driver/Src/stm32f1xx_hal_i2c.c.obj
 .text.I2C_WaitOnTXEFlagUntilTimeout
                0x0800934c       0x90 CMakeFiles/AirMouse_fw.dir/Drivers/STM32F1xx_HAL_Driver/Src/stm32f1xx_hal_i2c.c.obj
 .text.I2C_WaitOnBTFFlagUntilTimeout
                0x080093dc       0x90 CMakeFiles/AirMouse_fw.dir/Drivers/STM32F1xx_HAL_Driver/Src/stm32f1xx_hal_i2c.c.obj
 .text.I2C_WaitOnRXNEFlagUntilTimeout
                0x0800946c       0xba CMakeFiles/AirMouse_fw.dir/Drivers/STM32F1xx_HAL_Driver/Src/stm32f1xx_hal_i2c.c.obj
 .text.I2C_IsAcknowledgeFailed
                0x08009526       0x5c CMakeFiles/AirMouse_fw.dir/Drivers/STM32F1xx_HAL_Driver/Src/stm32f1xx_hal_i2c.c.obj
 .text.HAL_TIM_Encoder_Init
                0x08009582      0x144 CMakeFiles/AirMouse_fw.dir/Drivers/STM32F1xx_HAL_Driver/Src/stm32f1xx_hal_tim.c.obj
                0x08009582                HAL_TIM_Encoder_Init
 .text.HAL_TIM_Encoder_Start
                0x080096c6      0x11c CMakeFiles/AirMouse_fw.dir/Drivers/STM32F1xx_HAL_Driver/Src/stm32f1xx_hal_tim.c.obj
                0x080096c6                HAL_TIM_Encoder_Start
 .text.HAL_TIM_IRQHandler
                0x080097e2      0x1e0 CMakeFiles/AirMouse_fw.dir/Drivers/STM32F1xx_HAL_Driver/Src/stm32f1xx_hal_tim.c.obj
                0x080097e2                HAL_TIM_IRQHandler
 .text.HAL_TIM_PeriodElapsedCallback
                0x080099c2       0x12 CMakeFiles/AirMouse_fw.dir/Drivers/STM32F1xx_HAL_Driver/Src/stm32f1xx_hal_tim.c.obj
                0x080099c2                HAL_TIM_PeriodElapsedCallback
 .text.HAL_TIM_OC_DelayElapsedCallback
                0x080099d4       0x12 CMakeFiles/AirMouse_fw.dir/Drivers/STM32F1xx_HAL_Driver/Src/stm32f1xx_hal_tim.c.obj
                0x080099d4                HAL_TIM_OC_DelayElapsedCallback
 .text.HAL_TIM_IC_CaptureCallback
                0x080099e6       0x12 CMakeFiles/AirMouse_fw.dir/Drivers/STM32F1xx_HAL_Driver/Src/stm32f1xx_hal_tim.c.obj
                0x080099e6                HAL_TIM_IC_CaptureCallback
 .text.HAL_TIM_PWM_PulseFinishedCallback
                0x080099f8       0x12 CMakeFiles/AirMouse_fw.dir/Drivers/STM32F1xx_HAL_Driver/Src/stm32f1xx_hal_tim.c.obj
                0x080099f8                HAL_TIM_PWM_PulseFinishedCallback
 .text.HAL_TIM_TriggerCallback
                0x08009a0a       0x12 CMakeFiles/AirMouse_fw.dir/Drivers/STM32F1xx_HAL_Driver/Src/stm32f1xx_hal_tim.c.obj
                0x08009a0a                HAL_TIM_TriggerCallback
 .text.TIM_Base_SetConfig
                0x08009a1c       0xdc CMakeFiles/AirMouse_fw.dir/Drivers/STM32F1xx_HAL_Driver/Src/stm32f1xx_hal_tim.c.obj
                0x08009a1c                TIM_Base_SetConfig
 .text.TIM_CCxChannelCmd
                0x08009af8       0x48 CMakeFiles/AirMouse_fw.dir/Drivers/STM32F1xx_HAL_Driver/Src/stm32f1xx_hal_tim.c.obj
                0x08009af8                TIM_CCxChannelCmd
 .text.HAL_TIMEx_MasterConfigSynchronization
                0x08009b40       0xbc CMakeFiles/AirMouse_fw.dir/Drivers/STM32F1xx_HAL_Driver/Src/stm32f1xx_hal_tim_ex.c.obj
                0x08009b40                HAL_TIMEx_MasterConfigSynchronization
 .text.HAL_TIMEx_CommutCallback
                0x08009bfc       0x12 CMakeFiles/AirMouse_fw.dir/Drivers/STM32F1xx_HAL_Driver/Src/stm32f1xx_hal_tim_ex.c.obj
                0x08009bfc                HAL_TIMEx_CommutCallback
 .text.HAL_TIMEx_BreakCallback
                0x08009c0e       0x12 CMakeFiles/AirMouse_fw.dir/Drivers/STM32F1xx_HAL_Driver/Src/stm32f1xx_hal_tim_ex.c.obj
                0x08009c0e                HAL_TIMEx_BreakCallback
 .text.HAL_UART_Init
                0x08009c20       0xa0 CMakeFiles/AirMouse_fw.dir/Drivers/STM32F1xx_HAL_Driver/Src/stm32f1xx_hal_uart.c.obj
                0x08009c20                HAL_UART_Init
 .text.HAL_UART_Transmit
                0x08009cc0      0x116 CMakeFiles/AirMouse_fw.dir/Drivers/STM32F1xx_HAL_Driver/Src/stm32f1xx_hal_uart.c.obj
                0x08009cc0                HAL_UART_Transmit
 *fill*         0x08009dd6        0x2 
 .text.HAL_UART_IRQHandler
                0x08009dd8      0x524 CMakeFiles/AirMouse_fw.dir/Drivers/STM32F1xx_HAL_Driver/Src/stm32f1xx_hal_uart.c.obj
                0x08009dd8                HAL_UART_IRQHandler
 .text.HAL_UART_TxCpltCallback
                0x0800a2fc       0x12 CMakeFiles/AirMouse_fw.dir/Drivers/STM32F1xx_HAL_Driver/Src/stm32f1xx_hal_uart.c.obj
                0x0800a2fc                HAL_UART_TxCpltCallback
 .text.HAL_UART_RxCpltCallback
                0x0800a30e       0x12 CMakeFiles/AirMouse_fw.dir/Drivers/STM32F1xx_HAL_Driver/Src/stm32f1xx_hal_uart.c.obj
                0x0800a30e                HAL_UART_RxCpltCallback
 .text.HAL_UART_ErrorCallback
                0x0800a320       0x12 CMakeFiles/AirMouse_fw.dir/Drivers/STM32F1xx_HAL_Driver/Src/stm32f1xx_hal_uart.c.obj
                0x0800a320                HAL_UART_ErrorCallback
 .text.HAL_UARTEx_RxEventCallback
                0x0800a332       0x16 CMakeFiles/AirMouse_fw.dir/Drivers/STM32F1xx_HAL_Driver/Src/stm32f1xx_hal_uart.c.obj
                0x0800a332                HAL_UARTEx_RxEventCallback
 .text.UART_WaitOnFlagUntilTimeout
                0x0800a348       0xb2 CMakeFiles/AirMouse_fw.dir/Drivers/STM32F1xx_HAL_Driver/Src/stm32f1xx_hal_uart.c.obj
 .text.UART_EndRxTransfer
                0x0800a3fa       0xc4 CMakeFiles/AirMouse_fw.dir/Drivers/STM32F1xx_HAL_Driver/Src/stm32f1xx_hal_uart.c.obj
 .text.UART_DMAAbortOnError
                0x0800a4be       0x28 CMakeFiles/AirMouse_fw.dir/Drivers/STM32F1xx_HAL_Driver/Src/stm32f1xx_hal_uart.c.obj
 .text.UART_Transmit_IT
                0x0800a4e6       0x9e CMakeFiles/AirMouse_fw.dir/Drivers/STM32F1xx_HAL_Driver/Src/stm32f1xx_hal_uart.c.obj
 .text.UART_EndTransmit_IT
                0x0800a584       0x30 CMakeFiles/AirMouse_fw.dir/Drivers/STM32F1xx_HAL_Driver/Src/stm32f1xx_hal_uart.c.obj
 .text.UART_Receive_IT
                0x0800a5b4      0x17c CMakeFiles/AirMouse_fw.dir/Drivers/STM32F1xx_HAL_Driver/Src/stm32f1xx_hal_uart.c.obj
 .text.UART_SetConfig
                0x0800a730      0x11c CMakeFiles/AirMouse_fw.dir/Drivers/STM32F1xx_HAL_Driver/Src/stm32f1xx_hal_uart.c.obj
 .text.USBD_Init
                0x0800a84c       0x56 CMakeFiles/AirMouse_fw.dir/Middlewares/ST/STM32_USB_Device_Library/Core/Src/usbd_core.c.obj
                0x0800a84c                USBD_Init
 .text.USBD_RegisterClass
                0x0800a8a2       0x32 CMakeFiles/AirMouse_fw.dir/Middlewares/ST/STM32_USB_Device_Library/Core/Src/usbd_core.c.obj
                0x0800a8a2                USBD_RegisterClass
 .text.USBD_Start
                0x0800a8d4       0x18 CMakeFiles/AirMouse_fw.dir/Middlewares/ST/STM32_USB_Device_Library/Core/Src/usbd_core.c.obj
                0x0800a8d4                USBD_Start
 .text.USBD_RunTestMode
                0x0800a8ec       0x14 CMakeFiles/AirMouse_fw.dir/Middlewares/ST/STM32_USB_Device_Library/Core/Src/usbd_core.c.obj
                0x0800a8ec                USBD_RunTestMode
 .text.USBD_SetClassConfig
                0x0800a900       0x3e CMakeFiles/AirMouse_fw.dir/Middlewares/ST/STM32_USB_Device_Library/Core/Src/usbd_core.c.obj
                0x0800a900                USBD_SetClassConfig
 .text.USBD_ClrClassConfig
                0x0800a93e       0x26 CMakeFiles/AirMouse_fw.dir/Middlewares/ST/STM32_USB_Device_Library/Core/Src/usbd_core.c.obj
                0x0800a93e                USBD_ClrClassConfig
 .text.USBD_LL_SetupStage
                0x0800a964       0x9a CMakeFiles/AirMouse_fw.dir/Middlewares/ST/STM32_USB_Device_Library/Core/Src/usbd_core.c.obj
                0x0800a964                USBD_LL_SetupStage
 .text.USBD_LL_DataOutStage
                0x0800a9fe       0xe2 CMakeFiles/AirMouse_fw.dir/Middlewares/ST/STM32_USB_Device_Library/Core/Src/usbd_core.c.obj
                0x0800a9fe                USBD_LL_DataOutStage
 .text.USBD_LL_DataInStage
                0x0800aae0      0x14a CMakeFiles/AirMouse_fw.dir/Middlewares/ST/STM32_USB_Device_Library/Core/Src/usbd_core.c.obj
                0x0800aae0                USBD_LL_DataInStage
 .text.USBD_LL_Reset
                0x0800ac2a       0x82 CMakeFiles/AirMouse_fw.dir/Middlewares/ST/STM32_USB_Device_Library/Core/Src/usbd_core.c.obj
                0x0800ac2a                USBD_LL_Reset
 .text.USBD_LL_SetSpeed
                0x0800acac       0x1e CMakeFiles/AirMouse_fw.dir/Middlewares/ST/STM32_USB_Device_Library/Core/Src/usbd_core.c.obj
                0x0800acac                USBD_LL_SetSpeed
 .text.USBD_LL_Suspend
                0x0800acca       0x28 CMakeFiles/AirMouse_fw.dir/Middlewares/ST/STM32_USB_Device_Library/Core/Src/usbd_core.c.obj
                0x0800acca                USBD_LL_Suspend
 .text.USBD_LL_Resume
                0x0800acf2       0x2a CMakeFiles/AirMouse_fw.dir/Middlewares/ST/STM32_USB_Device_Library/Core/Src/usbd_core.c.obj
                0x0800acf2                USBD_LL_Resume
 .text.USBD_LL_SOF
                0x0800ad1c       0x34 CMakeFiles/AirMouse_fw.dir/Middlewares/ST/STM32_USB_Device_Library/Core/Src/usbd_core.c.obj
                0x0800ad1c                USBD_LL_SOF
 .text.USBD_StdDevReq
                0x0800ad50       0xd4 CMakeFiles/AirMouse_fw.dir/Middlewares/ST/STM32_USB_Device_Library/Core/Src/usbd_ctlreq.c.obj
                0x0800ad50                USBD_StdDevReq
 .text.USBD_StdItfReq
                0x0800ae24       0x90 CMakeFiles/AirMouse_fw.dir/Middlewares/ST/STM32_USB_Device_Library/Core/Src/usbd_ctlreq.c.obj
                0x0800ae24                USBD_StdItfReq
 .text.USBD_StdEPReq
                0x0800aeb4      0x2c6 CMakeFiles/AirMouse_fw.dir/Middlewares/ST/STM32_USB_Device_Library/Core/Src/usbd_ctlreq.c.obj
                0x0800aeb4                USBD_StdEPReq
 *fill*         0x0800b17a        0x2 
 .text.USBD_GetDescriptor
                0x0800b17c      0x2d0 CMakeFiles/AirMouse_fw.dir/Middlewares/ST/STM32_USB_Device_Library/Core/Src/usbd_ctlreq.c.obj
 .text.USBD_SetAddress
                0x0800b44c       0x86 CMakeFiles/AirMouse_fw.dir/Middlewares/ST/STM32_USB_Device_Library/Core/Src/usbd_ctlreq.c.obj
 *fill*         0x0800b4d2        0x2 
 .text.USBD_SetConfig
                0x0800b4d4      0x11c CMakeFiles/AirMouse_fw.dir/Middlewares/ST/STM32_USB_Device_Library/Core/Src/usbd_ctlreq.c.obj
 .text.USBD_GetConfig
                0x0800b5f0       0x6a CMakeFiles/AirMouse_fw.dir/Middlewares/ST/STM32_USB_Device_Library/Core/Src/usbd_ctlreq.c.obj
 .text.USBD_GetStatus
                0x0800b65a       0x66 CMakeFiles/AirMouse_fw.dir/Middlewares/ST/STM32_USB_Device_Library/Core/Src/usbd_ctlreq.c.obj
 .text.USBD_SetFeature
                0x0800b6c0       0x28 CMakeFiles/AirMouse_fw.dir/Middlewares/ST/STM32_USB_Device_Library/Core/Src/usbd_ctlreq.c.obj
 .text.USBD_ClrFeature
                0x0800b6e8       0x42 CMakeFiles/AirMouse_fw.dir/Middlewares/ST/STM32_USB_Device_Library/Core/Src/usbd_ctlreq.c.obj
 .text.USBD_ParseSetupRequest
                0x0800b72a       0x72 CMakeFiles/AirMouse_fw.dir/Middlewares/ST/STM32_USB_Device_Library/Core/Src/usbd_ctlreq.c.obj
                0x0800b72a                USBD_ParseSetupRequest
 .text.USBD_CtlError
                0x0800b79c       0x22 CMakeFiles/AirMouse_fw.dir/Middlewares/ST/STM32_USB_Device_Library/Core/Src/usbd_ctlreq.c.obj
                0x0800b79c                USBD_CtlError
 .text.USBD_GetString
                0x0800b7be       0x84 CMakeFiles/AirMouse_fw.dir/Middlewares/ST/STM32_USB_Device_Library/Core/Src/usbd_ctlreq.c.obj
                0x0800b7be                USBD_GetString
 .text.USBD_GetLen
                0x0800b842       0x2e CMakeFiles/AirMouse_fw.dir/Middlewares/ST/STM32_USB_Device_Library/Core/Src/usbd_ctlreq.c.obj
 .text.USBD_CtlSendData
                0x0800b870       0x38 CMakeFiles/AirMouse_fw.dir/Middlewares/ST/STM32_USB_Device_Library/Core/Src/usbd_ioreq.c.obj
                0x0800b870                USBD_CtlSendData
 .text.USBD_CtlContinueSendData
                0x0800b8a8       0x24 CMakeFiles/AirMouse_fw.dir/Middlewares/ST/STM32_USB_Device_Library/Core/Src/usbd_ioreq.c.obj
                0x0800b8a8                USBD_CtlContinueSendData
 .text.USBD_CtlPrepareRx
                0x0800b8cc       0x3c CMakeFiles/AirMouse_fw.dir/Middlewares/ST/STM32_USB_Device_Library/Core/Src/usbd_ioreq.c.obj
                0x0800b8cc                USBD_CtlPrepareRx
 .text.USBD_CtlContinueRx
                0x0800b908       0x24 CMakeFiles/AirMouse_fw.dir/Middlewares/ST/STM32_USB_Device_Library/Core/Src/usbd_ioreq.c.obj
                0x0800b908                USBD_CtlContinueRx
 .text.USBD_CtlSendStatus
                0x0800b92c       0x26 CMakeFiles/AirMouse_fw.dir/Middlewares/ST/STM32_USB_Device_Library/Core/Src/usbd_ioreq.c.obj
                0x0800b92c                USBD_CtlSendStatus
 .text.USBD_CtlReceiveStatus
                0x0800b952       0x26 CMakeFiles/AirMouse_fw.dir/Middlewares/ST/STM32_USB_Device_Library/Core/Src/usbd_ioreq.c.obj
                0x0800b952                USBD_CtlReceiveStatus
 .text.USBD_CDC_Init
                0x0800b978       0xf4 CMakeFiles/AirMouse_fw.dir/Middlewares/ST/STM32_USB_Device_Library/Class/CDC/Src/usbd_cdc.c.obj
 .text.USBD_CDC_DeInit
                0x0800ba6c       0x6e CMakeFiles/AirMouse_fw.dir/Middlewares/ST/STM32_USB_Device_Library/Class/CDC/Src/usbd_cdc.c.obj
 .text.USBD_CDC_Setup
                0x0800bada      0x146 CMakeFiles/AirMouse_fw.dir/Middlewares/ST/STM32_USB_Device_Library/Class/CDC/Src/usbd_cdc.c.obj
 .text.USBD_CDC_DataIn
                0x0800bc20       0xa6 CMakeFiles/AirMouse_fw.dir/Middlewares/ST/STM32_USB_Device_Library/Class/CDC/Src/usbd_cdc.c.obj
 .text.USBD_CDC_DataOut
                0x0800bcc6       0x56 CMakeFiles/AirMouse_fw.dir/Middlewares/ST/STM32_USB_Device_Library/Class/CDC/Src/usbd_cdc.c.obj
 .text.USBD_CDC_EP0_RxReady
                0x0800bd1c       0x4e CMakeFiles/AirMouse_fw.dir/Middlewares/ST/STM32_USB_Device_Library/Class/CDC/Src/usbd_cdc.c.obj
 *fill*         0x0800bd6a        0x2 
 .text.USBD_CDC_GetFSCfgDesc
                0x0800bd6c       0x20 CMakeFiles/AirMouse_fw.dir/Middlewares/ST/STM32_USB_Device_Library/Class/CDC/Src/usbd_cdc.c.obj
 .text.USBD_CDC_GetHSCfgDesc
                0x0800bd8c       0x20 CMakeFiles/AirMouse_fw.dir/Middlewares/ST/STM32_USB_Device_Library/Class/CDC/Src/usbd_cdc.c.obj
 .text.USBD_CDC_GetOtherSpeedCfgDesc
                0x0800bdac       0x20 CMakeFiles/AirMouse_fw.dir/Middlewares/ST/STM32_USB_Device_Library/Class/CDC/Src/usbd_cdc.c.obj
 .text.USBD_CDC_GetDeviceQualifierDescriptor
                0x0800bdcc       0x20 CMakeFiles/AirMouse_fw.dir/Middlewares/ST/STM32_USB_Device_Library/Class/CDC/Src/usbd_cdc.c.obj
                0x0800bdcc                USBD_CDC_GetDeviceQualifierDescriptor
 .text.USBD_CDC_RegisterInterface
                0x0800bdec       0x2c CMakeFiles/AirMouse_fw.dir/Middlewares/ST/STM32_USB_Device_Library/Class/CDC/Src/usbd_cdc.c.obj
                0x0800bdec                USBD_CDC_RegisterInterface
 .text.USBD_CDC_SetTxBuffer
                0x0800be18       0x32 CMakeFiles/AirMouse_fw.dir/Middlewares/ST/STM32_USB_Device_Library/Class/CDC/Src/usbd_cdc.c.obj
                0x0800be18                USBD_CDC_SetTxBuffer
 .text.USBD_CDC_SetRxBuffer
                0x0800be4a       0x26 CMakeFiles/AirMouse_fw.dir/Middlewares/ST/STM32_USB_Device_Library/Class/CDC/Src/usbd_cdc.c.obj
                0x0800be4a                USBD_CDC_SetRxBuffer
 .text.USBD_CDC_ReceivePacket
                0x0800be70       0x54 CMakeFiles/AirMouse_fw.dir/Middlewares/ST/STM32_USB_Device_Library/Class/CDC/Src/usbd_cdc.c.obj
                0x0800be70                USBD_CDC_ReceivePacket
 .text.Reset_Handler
                0x0800bec4       0x48 CMakeFiles/AirMouse_fw.dir/startup_stm32f103xb.s.obj
                0x0800bec4                Reset_Handler
 .text.Default_Handler
                0x0800bf0c        0x2 CMakeFiles/AirMouse_fw.dir/startup_stm32f103xb.s.obj
                0x0800bf0c                RTC_Alarm_IRQHandler
                0x0800bf0c                EXTI2_IRQHandler
                0x0800bf0c                TIM1_CC_IRQHandler
                0x0800bf0c                PVD_IRQHandler
                0x0800bf0c                EXTI3_IRQHandler
                0x0800bf0c                EXTI0_IRQHandler
                0x0800bf0c                I2C2_EV_IRQHandler
                0x0800bf0c                ADC1_2_IRQHandler
                0x0800bf0c                SPI1_IRQHandler
                0x0800bf0c                TAMPER_IRQHandler
                0x0800bf0c                DMA1_Channel4_IRQHandler
                0x0800bf0c                USART3_IRQHandler
                0x0800bf0c                RTC_IRQHandler
                0x0800bf0c                DMA1_Channel7_IRQHandler
                0x0800bf0c                CAN1_RX1_IRQHandler
                0x0800bf0c                TIM4_IRQHandler
                0x0800bf0c                I2C1_EV_IRQHandler
                0x0800bf0c                RCC_IRQHandler
                0x0800bf0c                TIM1_TRG_COM_IRQHandler
                0x0800bf0c                DMA1_Channel1_IRQHandler
                0x0800bf0c                Default_Handler
                0x0800bf0c                EXTI15_10_IRQHandler
                0x0800bf0c                EXTI9_5_IRQHandler
                0x0800bf0c                SPI2_IRQHandler
                0x0800bf0c                DMA1_Channel5_IRQHandler
                0x0800bf0c                EXTI4_IRQHandler
                0x0800bf0c                USB_HP_CAN1_TX_IRQHandler
                0x0800bf0c                DMA1_Channel3_IRQHandler
                0x0800bf0c                TIM1_UP_IRQHandler
                0x0800bf0c                WWDG_IRQHandler
                0x0800bf0c                TIM2_IRQHandler
                0x0800bf0c                TIM1_BRK_IRQHandler
                0x0800bf0c                EXTI1_IRQHandler
                0x0800bf0c                I2C2_ER_IRQHandler
                0x0800bf0c                DMA1_Channel2_IRQHandler
                0x0800bf0c                CAN1_SCE_IRQHandler
                0x0800bf0c                FLASH_IRQHandler
                0x0800bf0c                USART1_IRQHandler
                0x0800bf0c                I2C1_ER_IRQHandler
                0x0800bf0c                USBWakeUp_IRQHandler
 *fill*         0x0800bf0e        0x2 
 .text.__errno  0x0800bf10        0xc C:/ST/STM32CubeCLT_1.16.0/GNU-tools-for-STM32/bin/../lib/gcc/arm-none-eabi/12.3.1/../../../../arm-none-eabi/lib/thumb/v7-m/nofp\libg_nano.a(libc_a-errno.o)
                0x0800bf10                __errno
 .text.atan2f   0x0800bf1c        0x4 C:/ST/STM32CubeCLT_1.16.0/GNU-tools-for-STM32/bin/../lib/gcc/arm-none-eabi/12.3.1/../../../../arm-none-eabi/lib/thumb/v7-m/nofp\libm.a(libm_a-wf_atan2.o)
                0x0800bf1c                atan2f
 .text.sqrtf    0x0800bf20       0x34 C:/ST/STM32CubeCLT_1.16.0/GNU-tools-for-STM32/bin/../lib/gcc/arm-none-eabi/12.3.1/../../../../arm-none-eabi/lib/thumb/v7-m/nofp\libm.a(libm_a-wf_sqrt.o)
                0x0800bf20                sqrtf
 .text.__ieee754_sqrtf
                0x0800bf54       0xe0 C:/ST/STM32CubeCLT_1.16.0/GNU-tools-for-STM32/bin/../lib/gcc/arm-none-eabi/12.3.1/../../../../arm-none-eabi/lib/thumb/v7-m/nofp\libm.a(libm_a-ef_sqrt.o)
                0x0800bf54                __ieee754_sqrtf
 .text.__ieee754_atan2f
                0x0800c034      0x110 C:/ST/STM32CubeCLT_1.16.0/GNU-tools-for-STM32/bin/../lib/gcc/arm-none-eabi/12.3.1/../../../../arm-none-eabi/lib/thumb/v7-m/nofp\libm.a(libm_a-ef_atan2.o)
                0x0800c034                __ieee754_atan2f
 .text.atanf    0x0800c144      0x218 C:/ST/STM32CubeCLT_1.16.0/GNU-tools-for-STM32/bin/../lib/gcc/arm-none-eabi/12.3.1/../../../../arm-none-eabi/lib/thumb/v7-m/nofp\libm.a(libm_a-sf_atan.o)
                0x0800c144                atanf
 .text.fabsf    0x0800c35c        0x6 C:/ST/STM32CubeCLT_1.16.0/GNU-tools-for-STM32/bin/../lib/gcc/arm-none-eabi/12.3.1/../../../../arm-none-eabi/lib/thumb/v7-m/nofp\libm.a(libm_a-sf_fabs.o)
                0x0800c35c                fabsf
 *(.glue_7)
 .glue_7        0x0800c362        0x0 linker stubs
 *(.glue_7t)
 .glue_7t       0x0800c362        0x0 linker stubs
 *(.eh_frame)
 *fill*         0x0800c362        0x2 
 .eh_frame      0x0800c364        0x0 C:/ST/STM32CubeCLT_1.16.0/GNU-tools-for-STM32/bin/../lib/gcc/arm-none-eabi/12.3.1/thumb/v7-m/nofp/crtbegin.o
 *(.init)
 .init          0x0800c364        0x4 C:/ST/STM32CubeCLT_1.16.0/GNU-tools-for-STM32/bin/../lib/gcc/arm-none-eabi/12.3.1/thumb/v7-m/nofp/crti.o
                0x0800c364                _init
 .init          0x0800c368        0x8 C:/ST/STM32CubeCLT_1.16.0/GNU-tools-for-STM32/bin/../lib/gcc/arm-none-eabi/12.3.1/thumb/v7-m/nofp/crtn.o
 *(.fini)
 .fini          0x0800c370        0x4 C:/ST/STM32CubeCLT_1.16.0/GNU-tools-for-STM32/bin/../lib/gcc/arm-none-eabi/12.3.1/thumb/v7-m/nofp/crti.o
                0x0800c370                _fini
 .fini          0x0800c374        0x8 C:/ST/STM32CubeCLT_1.16.0/GNU-tools-for-STM32/bin/../lib/gcc/arm-none-eabi/12.3.1/thumb/v7-m/nofp/crtn.o
                0x0800c37c                        . = ALIGN (0x4)
                0x0800c37c                        _etext = .

.vfp11_veneer   0x0800c37c        0x0
 .vfp11_veneer  0x0800c37c        0x0 linker stubs

.v4_bx          0x0800c37c        0x0
 .v4_bx         0x0800c37c        0x0 linker stubs

.iplt           0x0800c37c        0x0
 .iplt          0x0800c37c        0x0 C:/ST/STM32CubeCLT_1.16.0/GNU-tools-for-STM32/bin/../lib/gcc/arm-none-eabi/12.3.1/thumb/v7-m/nofp/crtbegin.o

.rodata         0x0800c37c       0xac
                0x0800c37c                        . = ALIGN (0x4)
 *(.rodata)
 .rodata        0x0800c37c       0x46 CMakeFiles/AirMouse_fw.dir/USB_DEVICE/App/usbd_desc.c.obj
 *(.rodata*)
 *fill*         0x0800c3c2        0x2 
 .rodata.AHBPrescTable
                0x0800c3c4       0x10 CMakeFiles/AirMouse_fw.dir/Core/Src/system_stm32f1xx.c.obj
                0x0800c3c4                AHBPrescTable
 .rodata.APBPrescTable
                0x0800c3d4        0x8 CMakeFiles/AirMouse_fw.dir/Core/Src/system_stm32f1xx.c.obj
                0x0800c3d4                APBPrescTable
 .rodata.aPLLMULFactorTable.1
                0x0800c3dc       0x10 CMakeFiles/AirMouse_fw.dir/Drivers/STM32F1xx_HAL_Driver/Src/stm32f1xx_hal_rcc.c.obj
 .rodata.aPredivFactorTable.0
                0x0800c3ec        0x2 CMakeFiles/AirMouse_fw.dir/Drivers/STM32F1xx_HAL_Driver/Src/stm32f1xx_hal_rcc.c.obj
 *fill*         0x0800c3ee        0x2 
 .rodata.CSWTCH.9
                0x0800c3f0        0xc C:/ST/STM32CubeCLT_1.16.0/GNU-tools-for-STM32/bin/../lib/gcc/arm-none-eabi/12.3.1/../../../../arm-none-eabi/lib/thumb/v7-m/nofp\libm.a(libm_a-ef_atan2.o)
 .rodata.CSWTCH.8
                0x0800c3fc        0xc C:/ST/STM32CubeCLT_1.16.0/GNU-tools-for-STM32/bin/../lib/gcc/arm-none-eabi/12.3.1/../../../../arm-none-eabi/lib/thumb/v7-m/nofp\libm.a(libm_a-ef_atan2.o)
 .rodata.atanlo
                0x0800c408       0x10 C:/ST/STM32CubeCLT_1.16.0/GNU-tools-for-STM32/bin/../lib/gcc/arm-none-eabi/12.3.1/../../../../arm-none-eabi/lib/thumb/v7-m/nofp\libm.a(libm_a-sf_atan.o)
 .rodata.atanhi
                0x0800c418       0x10 C:/ST/STM32CubeCLT_1.16.0/GNU-tools-for-STM32/bin/../lib/gcc/arm-none-eabi/12.3.1/../../../../arm-none-eabi/lib/thumb/v7-m/nofp\libm.a(libm_a-sf_atan.o)
                0x0800c428                        . = ALIGN (0x4)

.rel.dyn        0x0800c428        0x0
 .rel.iplt      0x0800c428        0x0 C:/ST/STM32CubeCLT_1.16.0/GNU-tools-for-STM32/bin/../lib/gcc/arm-none-eabi/12.3.1/thumb/v7-m/nofp/crtbegin.o

.ARM.extab
 *(.ARM.extab* .gnu.linkonce.armextab.*)

.ARM            0x0800c428        0x0
                0x0800c428                        __exidx_start = .
 *(.ARM.exidx*)
                0x0800c428                        __exidx_end = .

.preinit_array  0x0800c428        0x0
                0x0800c428                        PROVIDE (__preinit_array_start = .)
 *(.preinit_array*)
                0x0800c428                        PROVIDE (__preinit_array_end = .)

.init_array     0x0800c428        0x4
                0x0800c428                        PROVIDE (__init_array_start = .)
 *(SORT_BY_NAME(.init_array.*))
 *(.init_array*)
 .init_array    0x0800c428        0x4 C:/ST/STM32CubeCLT_1.16.0/GNU-tools-for-STM32/bin/../lib/gcc/arm-none-eabi/12.3.1/thumb/v7-m/nofp/crtbegin.o
                0x0800c42c                        PROVIDE (__init_array_end = .)

.fini_array     0x0800c42c        0x4
                [!provide]                        PROVIDE (__fini_array_start = .)
 *(SORT_BY_NAME(.fini_array.*))
 *(.fini_array*)
 .fini_array    0x0800c42c        0x4 C:/ST/STM32CubeCLT_1.16.0/GNU-tools-for-STM32/bin/../lib/gcc/arm-none-eabi/12.3.1/thumb/v7-m/nofp/crtbegin.o
                [!provide]                        PROVIDE (__fini_array_end = .)
                0x0800c430                        _sidata = LOADADDR (.data)

.data           0x20000000      0x1e0 load address 0x0800c430
                0x20000000                        . = ALIGN (0x4)
                0x20000000                        _sdata = .
 *(.data)
 *(.data*)
 .data._impure_ptr
                0x20000000        0x4 C:/ST/STM32CubeCLT_1.16.0/GNU-tools-for-STM32/bin/../lib/gcc/arm-none-eabi/12.3.1/../../../../arm-none-eabi/lib/thumb/v7-m/nofp\libc_nano.a(libc_a-impure.o)
                0x20000000                _impure_ptr
 .data._impure_data
                0x20000004       0x4c C:/ST/STM32CubeCLT_1.16.0/GNU-tools-for-STM32/bin/../lib/gcc/arm-none-eabi/12.3.1/../../../../arm-none-eabi/lib/thumb/v7-m/nofp\libc_nano.a(libc_a-impure.o)
                0x20000004                _impure_data
 .data.x_sensitivity
                0x20000050        0x4 CMakeFiles/AirMouse_fw.dir/Core/Src/data_processing.c.obj
                0x20000050                x_sensitivity
 .data.y_sensitivity
                0x20000054        0x4 CMakeFiles/AirMouse_fw.dir/Core/Src/data_processing.c.obj
                0x20000054                y_sensitivity
 .data.curr_state
                0x20000058        0x1 CMakeFiles/AirMouse_fw.dir/Core/Src/encoder.c.obj
                0x20000058                curr_state
 .data.last_state
                0x20000059        0x1 CMakeFiles/AirMouse_fw.dir/Core/Src/encoder.c.obj
                0x20000059                last_state
 *fill*         0x2000005a        0x2 
 .data.SystemCoreClock
                0x2000005c        0x4 CMakeFiles/AirMouse_fw.dir/Core/Src/system_stm32f1xx.c.obj
                0x2000005c                SystemCoreClock
 .data.FS_Desc  0x20000060       0x1c CMakeFiles/AirMouse_fw.dir/USB_DEVICE/App/usbd_desc.c.obj
                0x20000060                FS_Desc
 .data.USBD_FS_DeviceDesc
                0x2000007c       0x12 CMakeFiles/AirMouse_fw.dir/USB_DEVICE/App/usbd_desc.c.obj
                0x2000007c                USBD_FS_DeviceDesc
 *fill*         0x2000008e        0x2 
 .data.USBD_LangIDDesc
                0x20000090        0x4 CMakeFiles/AirMouse_fw.dir/USB_DEVICE/App/usbd_desc.c.obj
                0x20000090                USBD_LangIDDesc
 .data.USBD_StringSerial
                0x20000094       0x1a CMakeFiles/AirMouse_fw.dir/USB_DEVICE/App/usbd_desc.c.obj
                0x20000094                USBD_StringSerial
 *fill*         0x200000ae        0x2 
 .data.USBD_Interface_fops_FS
                0x200000b0       0x10 CMakeFiles/AirMouse_fw.dir/USB_DEVICE/App/usbd_cdc_if.c.obj
                0x200000b0                USBD_Interface_fops_FS
 .data.uwTickPrio
                0x200000c0        0x4 CMakeFiles/AirMouse_fw.dir/Drivers/STM32F1xx_HAL_Driver/Src/stm32f1xx_hal.c.obj
                0x200000c0                uwTickPrio
 .data.uwTickFreq
                0x200000c4        0x1 CMakeFiles/AirMouse_fw.dir/Drivers/STM32F1xx_HAL_Driver/Src/stm32f1xx_hal.c.obj
                0x200000c4                uwTickFreq
 *fill*         0x200000c5        0x3 
 .data.USBD_CDC_DeviceQualifierDesc
                0x200000c8        0xa CMakeFiles/AirMouse_fw.dir/Middlewares/ST/STM32_USB_Device_Library/Class/CDC/Src/usbd_cdc.c.obj
 *fill*         0x200000d2        0x2 
 .data.USBD_CDC
                0x200000d4       0x38 CMakeFiles/AirMouse_fw.dir/Middlewares/ST/STM32_USB_Device_Library/Class/CDC/Src/usbd_cdc.c.obj
                0x200000d4                USBD_CDC
 .data.USBD_CDC_CfgHSDesc
                0x2000010c       0x43 CMakeFiles/AirMouse_fw.dir/Middlewares/ST/STM32_USB_Device_Library/Class/CDC/Src/usbd_cdc.c.obj
                0x2000010c                USBD_CDC_CfgHSDesc
 *fill*         0x2000014f        0x1 
 .data.USBD_CDC_CfgFSDesc
                0x20000150       0x43 CMakeFiles/AirMouse_fw.dir/Middlewares/ST/STM32_USB_Device_Library/Class/CDC/Src/usbd_cdc.c.obj
                0x20000150                USBD_CDC_CfgFSDesc
 *fill*         0x20000193        0x1 
 .data.USBD_CDC_OtherSpeedCfgDesc
                0x20000194       0x43 CMakeFiles/AirMouse_fw.dir/Middlewares/ST/STM32_USB_Device_Library/Class/CDC/Src/usbd_cdc.c.obj
                0x20000194                USBD_CDC_OtherSpeedCfgDesc
 *fill*         0x200001d7        0x1 
 .data.tiny     0x200001d8        0x4 C:/ST/STM32CubeCLT_1.16.0/GNU-tools-for-STM32/bin/../lib/gcc/arm-none-eabi/12.3.1/../../../../arm-none-eabi/lib/thumb/v7-m/nofp\libm.a(libm_a-ef_sqrt.o)
 .data.one      0x200001dc        0x4 C:/ST/STM32CubeCLT_1.16.0/GNU-tools-for-STM32/bin/../lib/gcc/arm-none-eabi/12.3.1/../../../../arm-none-eabi/lib/thumb/v7-m/nofp\libm.a(libm_a-ef_sqrt.o)
                0x200001e0                        . = ALIGN (0x4)
                0x200001e0                        _edata = .

.igot.plt       0x200001e0        0x0 load address 0x0800c610
 .igot.plt      0x200001e0        0x0 C:/ST/STM32CubeCLT_1.16.0/GNU-tools-for-STM32/bin/../lib/gcc/arm-none-eabi/12.3.1/thumb/v7-m/nofp/crtbegin.o
                0x200001e0                        . = ALIGN (0x4)

.bss            0x200001e0     0x14a4 load address 0x0800c610
                0x200001e0                        _sbss = .
                0x200001e0                        __bss_start__ = _sbss
 *(.bss)
 .bss           0x200001e0       0x1c C:/ST/STM32CubeCLT_1.16.0/GNU-tools-for-STM32/bin/../lib/gcc/arm-none-eabi/12.3.1/thumb/v7-m/nofp/crtbegin.o
 *(.bss*)
 .bss.__sf      0x200001fc      0x138 C:/ST/STM32CubeCLT_1.16.0/GNU-tools-for-STM32/bin/../lib/gcc/arm-none-eabi/12.3.1/../../../../arm-none-eabi/lib/thumb/v7-m/nofp\libc_nano.a(libc_a-findfp.o)
                0x200001fc                __sf
 .bss.isLeftButtonPressed
                0x20000334        0x1 CMakeFiles/AirMouse_fw.dir/Core/Src/button.c.obj
 .bss.isRightButtonPressed
                0x20000335        0x1 CMakeFiles/AirMouse_fw.dir/Core/Src/button.c.obj
 *fill*         0x20000336        0x2 
 .bss.lastDebounceTime_LEFT
                0x20000338        0x4 CMakeFiles/AirMouse_fw.dir/Core/Src/button.c.obj
 .bss.lastDebounceTime_RIGHT
                0x2000033c        0x4 CMakeFiles/AirMouse_fw.dir/Core/Src/button.c.obj
 .bss.hcrc      0x20000340        0x8 CMakeFiles/AirMouse_fw.dir/Core/Src/crc.c.obj
                0x20000340                hcrc
 .bss.raw_ax    0x20000348        0x2 CMakeFiles/AirMouse_fw.dir/Core/Src/data_processing.c.obj
                0x20000348                raw_ax
 .bss.raw_ay    0x2000034a        0x2 CMakeFiles/AirMouse_fw.dir/Core/Src/data_processing.c.obj
                0x2000034a                raw_ay
 .bss.raw_az    0x2000034c        0x2 CMakeFiles/AirMouse_fw.dir/Core/Src/data_processing.c.obj
                0x2000034c                raw_az
 .bss.raw_gx    0x2000034e        0x2 CMakeFiles/AirMouse_fw.dir/Core/Src/data_processing.c.obj
                0x2000034e                raw_gx
 .bss.raw_gy    0x20000350        0x2 CMakeFiles/AirMouse_fw.dir/Core/Src/data_processing.c.obj
                0x20000350                raw_gy
 .bss.raw_gz    0x20000352        0x2 CMakeFiles/AirMouse_fw.dir/Core/Src/data_processing.c.obj
                0x20000352                raw_gz
 .bss.raw_temp  0x20000354        0x2 CMakeFiles/AirMouse_fw.dir/Core/Src/data_processing.c.obj
                0x20000354                raw_temp
 *fill*         0x20000356        0x2 
 .bss.kf_z      0x20000358       0x14 CMakeFiles/AirMouse_fw.dir/Core/Src/data_processing.c.obj
                0x20000358                kf_z
 .bss.kf_y      0x2000036c       0x14 CMakeFiles/AirMouse_fw.dir/Core/Src/data_processing.c.obj
                0x2000036c                kf_y
 .bss.cf_z      0x20000380        0x8 CMakeFiles/AirMouse_fw.dir/Core/Src/data_processing.c.obj
                0x20000380                cf_z
 .bss.cf_y      0x20000388        0x8 CMakeFiles/AirMouse_fw.dir/Core/Src/data_processing.c.obj
                0x20000388                cf_y
 .bss.prev_wheel
                0x20000390        0x4 CMakeFiles/AirMouse_fw.dir/Core/Src/data_processing.c.obj
                0x20000390                prev_wheel
 .bss.is_switched
                0x20000394        0x1 CMakeFiles/AirMouse_fw.dir/Core/Src/encoder.c.obj
                0x20000394                is_switched
 *fill*         0x20000395        0x3 
 .bss.hi2c1     0x20000398       0x54 CMakeFiles/AirMouse_fw.dir/Core/Src/i2c.c.obj
                0x20000398                hi2c1
 .bss.htim3     0x200003ec       0x48 CMakeFiles/AirMouse_fw.dir/Core/Src/tim.c.obj
                0x200003ec                htim3
 .bss.huart2    0x20000434       0x48 CMakeFiles/AirMouse_fw.dir/Core/Src/usart.c.obj
                0x20000434                huart2
 .bss.hdma_usart2_rx
                0x2000047c       0x44 CMakeFiles/AirMouse_fw.dir/Core/Src/usart.c.obj
                0x2000047c                hdma_usart2_rx
 .bss.hUsbDeviceFS
                0x200004c0      0x2c4 CMakeFiles/AirMouse_fw.dir/USB_DEVICE/App/usb_device.c.obj
                0x200004c0                hUsbDeviceFS
 .bss.USBD_StrDesc
                0x20000784      0x200 CMakeFiles/AirMouse_fw.dir/USB_DEVICE/App/usbd_desc.c.obj
                0x20000784                USBD_StrDesc
 .bss.UserRxBufferFS
                0x20000984      0x400 CMakeFiles/AirMouse_fw.dir/USB_DEVICE/App/usbd_cdc_if.c.obj
                0x20000984                UserRxBufferFS
 .bss.UserTxBufferFS
                0x20000d84      0x400 CMakeFiles/AirMouse_fw.dir/USB_DEVICE/App/usbd_cdc_if.c.obj
                0x20000d84                UserTxBufferFS
 .bss.hpcd_USB_FS
                0x20001184      0x2d8 CMakeFiles/AirMouse_fw.dir/USB_DEVICE/Target/usbd_conf.c.obj
                0x20001184                hpcd_USB_FS
 .bss.mem.0     0x2000145c      0x220 CMakeFiles/AirMouse_fw.dir/USB_DEVICE/Target/usbd_conf.c.obj
 .bss.uwTick    0x2000167c        0x4 CMakeFiles/AirMouse_fw.dir/Drivers/STM32F1xx_HAL_Driver/Src/stm32f1xx_hal.c.obj
                0x2000167c                uwTick
 .bss.cfgidx.0  0x20001680        0x1 CMakeFiles/AirMouse_fw.dir/Middlewares/ST/STM32_USB_Device_Library/Core/Src/usbd_ctlreq.c.obj
 *(COMMON)
                0x20001684                        . = ALIGN (0x4)
 *fill*         0x20001681        0x3 
                0x20001684                        _ebss = .
                0x20001684                        __bss_end__ = _ebss

._user_heap_stack
                0x20001684      0x604 load address 0x0800c610
                0x20001688                        . = ALIGN (0x8)
 *fill*         0x20001684        0x4 
                [!provide]                        PROVIDE (end = .)
                0x20001688                        PROVIDE (_end = .)
                0x20001888                        . = (. + _Min_Heap_Size)
 *fill*         0x20001688      0x200 
                0x20001c88                        . = (. + _Min_Stack_Size)
 *fill*         0x20001888      0x400 
                0x20001c88                        . = ALIGN (0x8)

/DISCARD/
 libc.a(*)
 libm.a(*)
 libgcc.a(*)

.ARM.attributes
                0x00000000       0x29
 *(.ARM.attributes)
 .ARM.attributes
                0x00000000       0x1d C:/ST/STM32CubeCLT_1.16.0/GNU-tools-for-STM32/bin/../lib/gcc/arm-none-eabi/12.3.1/thumb/v7-m/nofp/crti.o
 .ARM.attributes
                0x0000001d       0x2d C:/ST/STM32CubeCLT_1.16.0/GNU-tools-for-STM32/bin/../lib/gcc/arm-none-eabi/12.3.1/thumb/v7-m/nofp/crtbegin.o
 .ARM.attributes
                0x0000004a       0x2d C:/ST/STM32CubeCLT_1.16.0/GNU-tools-for-STM32/bin/../lib/gcc/arm-none-eabi/12.3.1/../../../../arm-none-eabi/lib/thumb/v7-m/nofp\libc_nano.a(libc_a-findfp.o)
 .ARM.attributes
                0x00000077       0x2d C:/ST/STM32CubeCLT_1.16.0/GNU-tools-for-STM32/bin/../lib/gcc/arm-none-eabi/12.3.1/../../../../arm-none-eabi/lib/thumb/v7-m/nofp\libc_nano.a(libc_a-memset.o)
 .ARM.attributes
                0x000000a4       0x2d C:/ST/STM32CubeCLT_1.16.0/GNU-tools-for-STM32/bin/../lib/gcc/arm-none-eabi/12.3.1/../../../../arm-none-eabi/lib/thumb/v7-m/nofp\libc_nano.a(libc_a-impure.o)
 .ARM.attributes
                0x000000d1       0x2d C:/ST/STM32CubeCLT_1.16.0/GNU-tools-for-STM32/bin/../lib/gcc/arm-none-eabi/12.3.1/../../../../arm-none-eabi/lib/thumb/v7-m/nofp\libc_nano.a(libc_a-init.o)
 .ARM.attributes
                0x000000fe       0x2d CMakeFiles/AirMouse_fw.dir/Core/Src/button.c.obj
 .ARM.attributes
                0x0000012b       0x2d CMakeFiles/AirMouse_fw.dir/Core/Src/complementary_filter.c.obj
 .ARM.attributes
                0x00000158       0x2d CMakeFiles/AirMouse_fw.dir/Core/Src/crc.c.obj
 .ARM.attributes
                0x00000185       0x2d CMakeFiles/AirMouse_fw.dir/Core/Src/data_processing.c.obj
 .ARM.attributes
                0x000001b2       0x2d CMakeFiles/AirMouse_fw.dir/Core/Src/dma.c.obj
 .ARM.attributes
                0x000001df       0x2d CMakeFiles/AirMouse_fw.dir/Core/Src/encoder.c.obj
 .ARM.attributes
                0x0000020c       0x2d CMakeFiles/AirMouse_fw.dir/Core/Src/gpio.c.obj
 .ARM.attributes
                0x00000239       0x2d CMakeFiles/AirMouse_fw.dir/Core/Src/i2c.c.obj
 .ARM.attributes
                0x00000266       0x2d CMakeFiles/AirMouse_fw.dir/Core/Src/kalman_filter.c.obj
 .ARM.attributes
                0x00000293       0x2d CMakeFiles/AirMouse_fw.dir/Core/Src/main.c.obj
 .ARM.attributes
                0x000002c0       0x2d CMakeFiles/AirMouse_fw.dir/Core/Src/mpu6050.c.obj
 .ARM.attributes
                0x000002ed       0x2d CMakeFiles/AirMouse_fw.dir/Core/Src/stm32f1xx_hal_msp.c.obj
 .ARM.attributes
                0x0000031a       0x2d CMakeFiles/AirMouse_fw.dir/Core/Src/stm32f1xx_it.c.obj
 .ARM.attributes
                0x00000347       0x2d CMakeFiles/AirMouse_fw.dir/Core/Src/system_stm32f1xx.c.obj
 .ARM.attributes
                0x00000374       0x2d CMakeFiles/AirMouse_fw.dir/Core/Src/tim.c.obj
 .ARM.attributes
                0x000003a1       0x2d CMakeFiles/AirMouse_fw.dir/Core/Src/usart.c.obj
 .ARM.attributes
                0x000003ce       0x2d CMakeFiles/AirMouse_fw.dir/USB_DEVICE/App/usb_device.c.obj
 .ARM.attributes
                0x000003fb       0x2d CMakeFiles/AirMouse_fw.dir/USB_DEVICE/App/usbd_desc.c.obj
 .ARM.attributes
                0x00000428       0x2d CMakeFiles/AirMouse_fw.dir/USB_DEVICE/App/usbd_cdc_if.c.obj
 .ARM.attributes
                0x00000455       0x2d CMakeFiles/AirMouse_fw.dir/USB_DEVICE/Target/usbd_conf.c.obj
 .ARM.attributes
                0x00000482       0x2d CMakeFiles/AirMouse_fw.dir/Drivers/STM32F1xx_HAL_Driver/Src/stm32f1xx_hal_pcd.c.obj
 .ARM.attributes
                0x000004af       0x2d CMakeFiles/AirMouse_fw.dir/Drivers/STM32F1xx_HAL_Driver/Src/stm32f1xx_hal_pcd_ex.c.obj
 .ARM.attributes
                0x000004dc       0x2d CMakeFiles/AirMouse_fw.dir/Drivers/STM32F1xx_HAL_Driver/Src/stm32f1xx_ll_usb.c.obj
 .ARM.attributes
                0x00000509       0x2d CMakeFiles/AirMouse_fw.dir/Drivers/STM32F1xx_HAL_Driver/Src/stm32f1xx_hal.c.obj
 .ARM.attributes
                0x00000536       0x2d CMakeFiles/AirMouse_fw.dir/Drivers/STM32F1xx_HAL_Driver/Src/stm32f1xx_hal_rcc.c.obj
 .ARM.attributes
                0x00000563       0x2d CMakeFiles/AirMouse_fw.dir/Drivers/STM32F1xx_HAL_Driver/Src/stm32f1xx_hal_rcc_ex.c.obj
 .ARM.attributes
                0x00000590       0x2d CMakeFiles/AirMouse_fw.dir/Drivers/STM32F1xx_HAL_Driver/Src/stm32f1xx_hal_gpio.c.obj
 .ARM.attributes
                0x000005bd       0x2d CMakeFiles/AirMouse_fw.dir/Drivers/STM32F1xx_HAL_Driver/Src/stm32f1xx_hal_dma.c.obj
 .ARM.attributes
                0x000005ea       0x2d CMakeFiles/AirMouse_fw.dir/Drivers/STM32F1xx_HAL_Driver/Src/stm32f1xx_hal_cortex.c.obj
 .ARM.attributes
                0x00000617       0x2d CMakeFiles/AirMouse_fw.dir/Drivers/STM32F1xx_HAL_Driver/Src/stm32f1xx_hal_crc.c.obj
 .ARM.attributes
                0x00000644       0x2d CMakeFiles/AirMouse_fw.dir/Drivers/STM32F1xx_HAL_Driver/Src/stm32f1xx_hal_i2c.c.obj
 .ARM.attributes
                0x00000671       0x2d CMakeFiles/AirMouse_fw.dir/Drivers/STM32F1xx_HAL_Driver/Src/stm32f1xx_hal_tim.c.obj
 .ARM.attributes
                0x0000069e       0x2d CMakeFiles/AirMouse_fw.dir/Drivers/STM32F1xx_HAL_Driver/Src/stm32f1xx_hal_tim_ex.c.obj
 .ARM.attributes
                0x000006cb       0x2d CMakeFiles/AirMouse_fw.dir/Drivers/STM32F1xx_HAL_Driver/Src/stm32f1xx_hal_uart.c.obj
 .ARM.attributes
                0x000006f8       0x2d CMakeFiles/AirMouse_fw.dir/Middlewares/ST/STM32_USB_Device_Library/Core/Src/usbd_core.c.obj
 .ARM.attributes
                0x00000725       0x2d CMakeFiles/AirMouse_fw.dir/Middlewares/ST/STM32_USB_Device_Library/Core/Src/usbd_ctlreq.c.obj
 .ARM.attributes
                0x00000752       0x2d CMakeFiles/AirMouse_fw.dir/Middlewares/ST/STM32_USB_Device_Library/Core/Src/usbd_ioreq.c.obj
 .ARM.attributes
                0x0000077f       0x2d CMakeFiles/AirMouse_fw.dir/Middlewares/ST/STM32_USB_Device_Library/Class/CDC/Src/usbd_cdc.c.obj
 .ARM.attributes
                0x000007ac       0x21 CMakeFiles/AirMouse_fw.dir/startup_stm32f103xb.s.obj
 .ARM.attributes
                0x000007cd       0x1d C:/ST/STM32CubeCLT_1.16.0/GNU-tools-for-STM32/bin/../lib/gcc/arm-none-eabi/12.3.1/thumb/v7-m/nofp\libgcc.a(_arm_addsubdf3.o)
 .ARM.attributes
                0x000007ea       0x1d C:/ST/STM32CubeCLT_1.16.0/GNU-tools-for-STM32/bin/../lib/gcc/arm-none-eabi/12.3.1/thumb/v7-m/nofp\libgcc.a(_arm_muldivdf3.o)
 .ARM.attributes
                0x00000807       0x1d C:/ST/STM32CubeCLT_1.16.0/GNU-tools-for-STM32/bin/../lib/gcc/arm-none-eabi/12.3.1/thumb/v7-m/nofp\libgcc.a(_arm_truncdfsf2.o)
 .ARM.attributes
                0x00000824       0x1d C:/ST/STM32CubeCLT_1.16.0/GNU-tools-for-STM32/bin/../lib/gcc/arm-none-eabi/12.3.1/thumb/v7-m/nofp\libgcc.a(_arm_addsubsf3.o)
 .ARM.attributes
                0x00000841       0x1d C:/ST/STM32CubeCLT_1.16.0/GNU-tools-for-STM32/bin/../lib/gcc/arm-none-eabi/12.3.1/thumb/v7-m/nofp\libgcc.a(_arm_muldivsf3.o)
 .ARM.attributes
                0x0000085e       0x1d C:/ST/STM32CubeCLT_1.16.0/GNU-tools-for-STM32/bin/../lib/gcc/arm-none-eabi/12.3.1/thumb/v7-m/nofp\libgcc.a(_arm_cmpsf2.o)
 .ARM.attributes
                0x0000087b       0x1d C:/ST/STM32CubeCLT_1.16.0/GNU-tools-for-STM32/bin/../lib/gcc/arm-none-eabi/12.3.1/thumb/v7-m/nofp\libgcc.a(_arm_fixsfsi.o)
 .ARM.attributes
                0x00000898       0x2d C:/ST/STM32CubeCLT_1.16.0/GNU-tools-for-STM32/bin/../lib/gcc/arm-none-eabi/12.3.1/../../../../arm-none-eabi/lib/thumb/v7-m/nofp\libg_nano.a(libc_a-errno.o)
 .ARM.attributes
                0x000008c5       0x1d C:/ST/STM32CubeCLT_1.16.0/GNU-tools-for-STM32/bin/../lib/gcc/arm-none-eabi/12.3.1/thumb/v7-m/nofp/crtn.o
 .ARM.attributes
                0x000008e2       0x2d C:/ST/STM32CubeCLT_1.16.0/GNU-tools-for-STM32/bin/../lib/gcc/arm-none-eabi/12.3.1/../../../../arm-none-eabi/lib/thumb/v7-m/nofp\libm.a(libm_a-wf_atan2.o)
 .ARM.attributes
                0x0000090f       0x2d C:/ST/STM32CubeCLT_1.16.0/GNU-tools-for-STM32/bin/../lib/gcc/arm-none-eabi/12.3.1/../../../../arm-none-eabi/lib/thumb/v7-m/nofp\libm.a(libm_a-wf_sqrt.o)
 .ARM.attributes
                0x0000093c       0x2d C:/ST/STM32CubeCLT_1.16.0/GNU-tools-for-STM32/bin/../lib/gcc/arm-none-eabi/12.3.1/../../../../arm-none-eabi/lib/thumb/v7-m/nofp\libm.a(libm_a-ef_sqrt.o)
 .ARM.attributes
                0x00000969       0x2d C:/ST/STM32CubeCLT_1.16.0/GNU-tools-for-STM32/bin/../lib/gcc/arm-none-eabi/12.3.1/../../../../arm-none-eabi/lib/thumb/v7-m/nofp\libm.a(libm_a-ef_atan2.o)
 .ARM.attributes
                0x00000996       0x2d C:/ST/STM32CubeCLT_1.16.0/GNU-tools-for-STM32/bin/../lib/gcc/arm-none-eabi/12.3.1/../../../../arm-none-eabi/lib/thumb/v7-m/nofp\libm.a(libm_a-sf_atan.o)
 .ARM.attributes
                0x000009c3       0x2d C:/ST/STM32CubeCLT_1.16.0/GNU-tools-for-STM32/bin/../lib/gcc/arm-none-eabi/12.3.1/../../../../arm-none-eabi/lib/thumb/v7-m/nofp\libm.a(libm_a-sf_fabs.o)
 .ARM.attributes
                0x000009f0       0x1d C:/ST/STM32CubeCLT_1.16.0/GNU-tools-for-STM32/bin/../lib/gcc/arm-none-eabi/12.3.1/thumb/v7-m/nofp\libgcc.a(_arm_unordsf2.o)
OUTPUT(AirMouse_fw.elf elf32-littlearm)
LOAD linker stubs
LOAD C:/ST/STM32CubeCLT_1.16.0/GNU-tools-for-STM32/bin/../lib/gcc/arm-none-eabi/12.3.1/../../../../arm-none-eabi/lib/thumb/v7-m/nofp\libc.a
LOAD C:/ST/STM32CubeCLT_1.16.0/GNU-tools-for-STM32/bin/../lib/gcc/arm-none-eabi/12.3.1/../../../../arm-none-eabi/lib/thumb/v7-m/nofp\libm.a
LOAD C:/ST/STM32CubeCLT_1.16.0/GNU-tools-for-STM32/bin/../lib/gcc/arm-none-eabi/12.3.1/thumb/v7-m/nofp\libgcc.a

.debug_frame    0x00000000     0x6638
 .debug_frame   0x00000000      0x144 C:/ST/STM32CubeCLT_1.16.0/GNU-tools-for-STM32/bin/../lib/gcc/arm-none-eabi/12.3.1/../../../../arm-none-eabi/lib/thumb/v7-m/nofp\libc_nano.a(libc_a-findfp.o)
 .debug_frame   0x00000144       0x20 C:/ST/STM32CubeCLT_1.16.0/GNU-tools-for-STM32/bin/../lib/gcc/arm-none-eabi/12.3.1/../../../../arm-none-eabi/lib/thumb/v7-m/nofp\libc_nano.a(libc_a-memset.o)
 .debug_frame   0x00000164       0x2c C:/ST/STM32CubeCLT_1.16.0/GNU-tools-for-STM32/bin/../lib/gcc/arm-none-eabi/12.3.1/../../../../arm-none-eabi/lib/thumb/v7-m/nofp\libc_nano.a(libc_a-init.o)
 .debug_frame   0x00000190       0x7c CMakeFiles/AirMouse_fw.dir/Core/Src/button.c.obj
 .debug_frame   0x0000020c       0x60 CMakeFiles/AirMouse_fw.dir/Core/Src/complementary_filter.c.obj
 .debug_frame   0x0000026c       0x7c CMakeFiles/AirMouse_fw.dir/Core/Src/crc.c.obj
 .debug_frame   0x000002e8      0x188 CMakeFiles/AirMouse_fw.dir/Core/Src/data_processing.c.obj
 .debug_frame   0x00000470       0x34 CMakeFiles/AirMouse_fw.dir/Core/Src/dma.c.obj
 .debug_frame   0x000004a4       0xb0 CMakeFiles/AirMouse_fw.dir/Core/Src/encoder.c.obj
 .debug_frame   0x00000554       0x34 CMakeFiles/AirMouse_fw.dir/Core/Src/gpio.c.obj
 .debug_frame   0x00000588       0x74 CMakeFiles/AirMouse_fw.dir/Core/Src/i2c.c.obj
 .debug_frame   0x000005fc       0x60 CMakeFiles/AirMouse_fw.dir/Core/Src/kalman_filter.c.obj
 .debug_frame   0x0000065c       0x68 CMakeFiles/AirMouse_fw.dir/Core/Src/main.c.obj
 .debug_frame   0x000006c4      0x278 CMakeFiles/AirMouse_fw.dir/Core/Src/mpu6050.c.obj
 .debug_frame   0x0000093c       0x38 CMakeFiles/AirMouse_fw.dir/Core/Src/stm32f1xx_hal_msp.c.obj
 .debug_frame   0x00000974      0x174 CMakeFiles/AirMouse_fw.dir/Core/Src/stm32f1xx_it.c.obj
 .debug_frame   0x00000ae8       0x58 CMakeFiles/AirMouse_fw.dir/Core/Src/system_stm32f1xx.c.obj
 .debug_frame   0x00000b40       0x7c CMakeFiles/AirMouse_fw.dir/Core/Src/tim.c.obj
 .debug_frame   0x00000bbc       0x74 CMakeFiles/AirMouse_fw.dir/Core/Src/usart.c.obj
 .debug_frame   0x00000c30       0x2c CMakeFiles/AirMouse_fw.dir/USB_DEVICE/App/usb_device.c.obj
 .debug_frame   0x00000c5c      0x160 CMakeFiles/AirMouse_fw.dir/USB_DEVICE/App/usbd_desc.c.obj
 .debug_frame   0x00000dbc       0xbc CMakeFiles/AirMouse_fw.dir/USB_DEVICE/App/usbd_cdc_if.c.obj
 .debug_frame   0x00000e78      0x4a4 CMakeFiles/AirMouse_fw.dir/USB_DEVICE/Target/usbd_conf.c.obj
 .debug_frame   0x0000131c      0x594 CMakeFiles/AirMouse_fw.dir/Drivers/STM32F1xx_HAL_Driver/Src/stm32f1xx_hal_pcd.c.obj
 .debug_frame   0x000018b0       0xb0 CMakeFiles/AirMouse_fw.dir/Drivers/STM32F1xx_HAL_Driver/Src/stm32f1xx_hal_pcd_ex.c.obj
 .debug_frame   0x00001960      0x470 CMakeFiles/AirMouse_fw.dir/Drivers/STM32F1xx_HAL_Driver/Src/stm32f1xx_ll_usb.c.obj
 .debug_frame   0x00001dd0      0x334 CMakeFiles/AirMouse_fw.dir/Drivers/STM32F1xx_HAL_Driver/Src/stm32f1xx_hal.c.obj
 .debug_frame   0x00002104      0x218 CMakeFiles/AirMouse_fw.dir/Drivers/STM32F1xx_HAL_Driver/Src/stm32f1xx_hal_rcc.c.obj
 .debug_frame   0x0000231c       0x80 CMakeFiles/AirMouse_fw.dir/Drivers/STM32F1xx_HAL_Driver/Src/stm32f1xx_hal_rcc_ex.c.obj
 .debug_frame   0x0000239c      0x14c CMakeFiles/AirMouse_fw.dir/Drivers/STM32F1xx_HAL_Driver/Src/stm32f1xx_hal_gpio.c.obj
 .debug_frame   0x000024e8      0x208 CMakeFiles/AirMouse_fw.dir/Drivers/STM32F1xx_HAL_Driver/Src/stm32f1xx_hal_dma.c.obj
 .debug_frame   0x000026f0      0x428 CMakeFiles/AirMouse_fw.dir/Drivers/STM32F1xx_HAL_Driver/Src/stm32f1xx_hal_cortex.c.obj
 .debug_frame   0x00002b18      0x120 CMakeFiles/AirMouse_fw.dir/Drivers/STM32F1xx_HAL_Driver/Src/stm32f1xx_hal_crc.c.obj
 .debug_frame   0x00002c38      0xc84 CMakeFiles/AirMouse_fw.dir/Drivers/STM32F1xx_HAL_Driver/Src/stm32f1xx_hal_i2c.c.obj
 .debug_frame   0x000038bc     0x11b8 CMakeFiles/AirMouse_fw.dir/Drivers/STM32F1xx_HAL_Driver/Src/stm32f1xx_hal_tim.c.obj
 .debug_frame   0x00004a74      0x638 CMakeFiles/AirMouse_fw.dir/Drivers/STM32F1xx_HAL_Driver/Src/stm32f1xx_hal_tim_ex.c.obj
 .debug_frame   0x000050ac      0x944 CMakeFiles/AirMouse_fw.dir/Drivers/STM32F1xx_HAL_Driver/Src/stm32f1xx_hal_uart.c.obj
 .debug_frame   0x000059f0      0x300 CMakeFiles/AirMouse_fw.dir/Middlewares/ST/STM32_USB_Device_Library/Core/Src/usbd_core.c.obj
 .debug_frame   0x00005cf0      0x218 CMakeFiles/AirMouse_fw.dir/Middlewares/ST/STM32_USB_Device_Library/Core/Src/usbd_ctlreq.c.obj
 .debug_frame   0x00005f08      0x10c CMakeFiles/AirMouse_fw.dir/Middlewares/ST/STM32_USB_Device_Library/Core/Src/usbd_ioreq.c.obj
 .debug_frame   0x00006014      0x248 CMakeFiles/AirMouse_fw.dir/Middlewares/ST/STM32_USB_Device_Library/Class/CDC/Src/usbd_cdc.c.obj
 .debug_frame   0x0000625c       0xac C:/ST/STM32CubeCLT_1.16.0/GNU-tools-for-STM32/bin/../lib/gcc/arm-none-eabi/12.3.1/thumb/v7-m/nofp\libgcc.a(_arm_addsubdf3.o)
 .debug_frame   0x00006308       0x50 C:/ST/STM32CubeCLT_1.16.0/GNU-tools-for-STM32/bin/../lib/gcc/arm-none-eabi/12.3.1/thumb/v7-m/nofp\libgcc.a(_arm_muldivdf3.o)
 .debug_frame   0x00006358       0x24 C:/ST/STM32CubeCLT_1.16.0/GNU-tools-for-STM32/bin/../lib/gcc/arm-none-eabi/12.3.1/thumb/v7-m/nofp\libgcc.a(_arm_truncdfsf2.o)
 .debug_frame   0x0000637c       0x4c C:/ST/STM32CubeCLT_1.16.0/GNU-tools-for-STM32/bin/../lib/gcc/arm-none-eabi/12.3.1/thumb/v7-m/nofp\libgcc.a(_arm_addsubsf3.o)
 .debug_frame   0x000063c8       0x38 C:/ST/STM32CubeCLT_1.16.0/GNU-tools-for-STM32/bin/../lib/gcc/arm-none-eabi/12.3.1/thumb/v7-m/nofp\libgcc.a(_arm_muldivsf3.o)
 .debug_frame   0x00006400       0xc8 C:/ST/STM32CubeCLT_1.16.0/GNU-tools-for-STM32/bin/../lib/gcc/arm-none-eabi/12.3.1/thumb/v7-m/nofp\libgcc.a(_arm_cmpsf2.o)
 .debug_frame   0x000064c8       0x24 C:/ST/STM32CubeCLT_1.16.0/GNU-tools-for-STM32/bin/../lib/gcc/arm-none-eabi/12.3.1/thumb/v7-m/nofp\libgcc.a(_arm_fixsfsi.o)
 .debug_frame   0x000064ec       0x20 C:/ST/STM32CubeCLT_1.16.0/GNU-tools-for-STM32/bin/../lib/gcc/arm-none-eabi/12.3.1/../../../../arm-none-eabi/lib/thumb/v7-m/nofp\libg_nano.a(libc_a-errno.o)