../Core/Src/cli.c:112:6:cliInit	8	static
../Core/Src/cli.c:136:6:cliOpen	16	static
../Core/Src/cli.c:165:6:cliOpenLog	24	static
../Core/Src/cli.c:181:6:cliLogClose	4	static
../Core/Src/cli.c:187:6:cliShowLog	24	static
../Core/Src/cli.c:207:6:cliShowPrompt	16	static
../Core/Src/cli.c:213:6:cliMain	8	static
../Core/Src/cli.c:228:10:cliAvailable	8	static
../Core/Src/cli.c:233:9:cliRead	8	static
../Core/Src/cli.c:238:10:cliWrite	16	static
../Core/Src/cli.c:243:6:cliUpdate	56	static
../Core/Src/cli.c:455:6:cliLineClean	16	static
../Core/Src/cli.c:463:6:cliLineAdd	16	static
../Core/Src/cli.c:478:6:cliLineChange	24	static
../Core/Src/cli.c:520:6:cliRunCmd	24	static
../Core/Src/cli.c:546:6:cliParseArgs	40	static
../Core/Src/cli.c:578:6:cliPrintf	24	static
../Core/Src/cli.c:592:6:cliToUpper	24	static
../Core/Src/cli.c:619:9:cliArgsGetData	24	static
../Core/Src/cli.c:635:7:cliArgsGetFloat	24	static
../Core/Src/cli.c:651:7:cliArgsGetStr	24	static
../Core/Src/cli.c:667:6:cliArgsIsStr	24	static
../Core/Src/cli.c:686:6:cliKeepLoop	16	static
../Core/Src/cli.c:705:6:cliAdd	32	static
../Core/Src/cli.c:728:6:cliShowList	24	static
../Core/Src/cli.c:745:6:cliMemoryDump	56	static
../Core/Src/cli.c:804:10:uartAvailable	24	static
../Core/Src/cli.c:823:10:uartPrintf	292	static
../Core/Src/cli.c:841:10:uartWrite	32	static
../Core/Src/cli.c:862:9:uartRead	24	static
../Core/Src/cli.c:878:6:qbufferRead	32	static
