../Core/Src/mpu6050.c:26:9:MPU6050_ReadOneByte	40	static
../Core/Src/mpu6050.c:36:6:MPU6050_WriteOneByte	32	static
../Core/Src/mpu6050.c:41:6:MPU6050_WriteBits	32	static
../Core/Src/mpu6050.c:57:6:MPU6050_WriteOneBit	24	static
../Core/Src/mpu6050.c:69:6:MPU6050_ReadBuff	32	static
../Core/Src/mpu6050.c:75:6:MPU6050_Check	8	static
../Core/Src/mpu6050.c:87:6:MPU6050_CalAvgValue	32	static
../Core/Src/mpu6050.c:102:6:MPU6050_SetClockSource	16	static
../Core/Src/mpu6050.c:107:6:MPU6050_SetFullScaleGyroRange	16	static
../Core/Src/mpu6050.c:112:6:MPU6050_SetLPF	16	static
../Core/Src/mpu6050.c:117:6:MPU6050_SetFullScaleAccelRange	16	static
../Core/Src/mpu6050.c:122:6:MPU6050_SetSleepEnabled	16	static
../Core/Src/mpu6050.c:127:6:MPU6050_SetI2CMasterModeEnabled	16	static
../Core/Src/mpu6050.c:132:6:MPU6050_SetI2CBypassEnabled	16	static
../Core/Src/mpu6050.c:137:6:MPU6050_GetData	56	static
../Core/Src/mpu6050.c:165:6:MPU6050_InitOffset	72	static
../Core/Src/mpu6050.c:194:6:MPU6050_Init	16	static
../Core/Src/mpu6050.c:224:6:cliMPU6050	64	static
